Archive member included to satisfy reference by file (symbol)

c:/st/stm32cubeide_1.12.1/stm32cubeide/plugins/com.st.stm32cube.ide.mcu.externaltools.gnu-tools-for-stm32.10.3-2021.10.win32_1.0.200.202301161003/tools/bin/../lib/gcc/arm-none-eabi/10.3.1/../../../../arm-none-eabi/lib/thumb/v7e-m+fp/hard\libc_nano.a(lib_a-errno.o)
                              ./Src/syscalls.o (__errno)
c:/st/stm32cubeide_1.12.1/stm32cubeide/plugins/com.st.stm32cube.ide.mcu.externaltools.gnu-tools-for-stm32.10.3-2021.10.win32_1.0.200.202301161003/tools/bin/../lib/gcc/arm-none-eabi/10.3.1/../../../../arm-none-eabi/lib/thumb/v7e-m+fp/hard\libc_nano.a(lib_a-exit.o)
                              c:/st/stm32cubeide_1.12.1/stm32cubeide/plugins/com.st.stm32cube.ide.mcu.externaltools.gnu-tools-for-stm32.10.3-2021.10.win32_1.0.200.202301161003/tools/bin/../lib/gcc/arm-none-eabi/10.3.1/../../../../arm-none-eabi/lib/thumb/v7e-m+fp/hard/crt0.o (exit)
c:/st/stm32cubeide_1.12.1/stm32cubeide/plugins/com.st.stm32cube.ide.mcu.externaltools.gnu-tools-for-stm32.10.3-2021.10.win32_1.0.200.202301161003/tools/bin/../lib/gcc/arm-none-eabi/10.3.1/../../../../arm-none-eabi/lib/thumb/v7e-m+fp/hard\libc_nano.a(lib_a-impure.o)
                              c:/st/stm32cubeide_1.12.1/stm32cubeide/plugins/com.st.stm32cube.ide.mcu.externaltools.gnu-tools-for-stm32.10.3-2021.10.win32_1.0.200.202301161003/tools/bin/../lib/gcc/arm-none-eabi/10.3.1/../../../../arm-none-eabi/lib/thumb/v7e-m+fp/hard\libc_nano.a(lib_a-exit.o) (_global_impure_ptr)
c:/st/stm32cubeide_1.12.1/stm32cubeide/plugins/com.st.stm32cube.ide.mcu.externaltools.gnu-tools-for-stm32.10.3-2021.10.win32_1.0.200.202301161003/tools/bin/../lib/gcc/arm-none-eabi/10.3.1/../../../../arm-none-eabi/lib/thumb/v7e-m+fp/hard\libc_nano.a(lib_a-init.o)
                              c:/st/stm32cubeide_1.12.1/stm32cubeide/plugins/com.st.stm32cube.ide.mcu.externaltools.gnu-tools-for-stm32.10.3-2021.10.win32_1.0.200.202301161003/tools/bin/../lib/gcc/arm-none-eabi/10.3.1/../../../../arm-none-eabi/lib/thumb/v7e-m+fp/hard/crt0.o (__libc_init_array)
c:/st/stm32cubeide_1.12.1/stm32cubeide/plugins/com.st.stm32cube.ide.mcu.externaltools.gnu-tools-for-stm32.10.3-2021.10.win32_1.0.200.202301161003/tools/bin/../lib/gcc/arm-none-eabi/10.3.1/../../../../arm-none-eabi/lib/thumb/v7e-m+fp/hard\libc_nano.a(lib_a-memset.o)
                              c:/st/stm32cubeide_1.12.1/stm32cubeide/plugins/com.st.stm32cube.ide.mcu.externaltools.gnu-tools-for-stm32.10.3-2021.10.win32_1.0.200.202301161003/tools/bin/../lib/gcc/arm-none-eabi/10.3.1/../../../../arm-none-eabi/lib/thumb/v7e-m+fp/hard/crt0.o (memset)

Discarded input sections

 .text          0x0000000000000000        0x0 c:/st/stm32cubeide_1.12.1/stm32cubeide/plugins/com.st.stm32cube.ide.mcu.externaltools.gnu-tools-for-stm32.10.3-2021.10.win32_1.0.200.202301161003/tools/bin/../lib/gcc/arm-none-eabi/10.3.1/thumb/v7e-m+fp/hard/crti.o
 .data          0x0000000000000000        0x0 c:/st/stm32cubeide_1.12.1/stm32cubeide/plugins/com.st.stm32cube.ide.mcu.externaltools.gnu-tools-for-stm32.10.3-2021.10.win32_1.0.200.202301161003/tools/bin/../lib/gcc/arm-none-eabi/10.3.1/thumb/v7e-m+fp/hard/crti.o
 .bss           0x0000000000000000        0x0 c:/st/stm32cubeide_1.12.1/stm32cubeide/plugins/com.st.stm32cube.ide.mcu.externaltools.gnu-tools-for-stm32.10.3-2021.10.win32_1.0.200.202301161003/tools/bin/../lib/gcc/arm-none-eabi/10.3.1/thumb/v7e-m+fp/hard/crti.o
 .data          0x0000000000000000        0x4 c:/st/stm32cubeide_1.12.1/stm32cubeide/plugins/com.st.stm32cube.ide.mcu.externaltools.gnu-tools-for-stm32.10.3-2021.10.win32_1.0.200.202301161003/tools/bin/../lib/gcc/arm-none-eabi/10.3.1/thumb/v7e-m+fp/hard/crtbegin.o
 .rodata        0x0000000000000000       0x24 c:/st/stm32cubeide_1.12.1/stm32cubeide/plugins/com.st.stm32cube.ide.mcu.externaltools.gnu-tools-for-stm32.10.3-2021.10.win32_1.0.200.202301161003/tools/bin/../lib/gcc/arm-none-eabi/10.3.1/thumb/v7e-m+fp/hard/crtbegin.o
 .text          0x0000000000000000       0x7c c:/st/stm32cubeide_1.12.1/stm32cubeide/plugins/com.st.stm32cube.ide.mcu.externaltools.gnu-tools-for-stm32.10.3-2021.10.win32_1.0.200.202301161003/tools/bin/../lib/gcc/arm-none-eabi/10.3.1/../../../../arm-none-eabi/lib/thumb/v7e-m+fp/hard/crt0.o
 .data          0x0000000000000000        0x0 c:/st/stm32cubeide_1.12.1/stm32cubeide/plugins/com.st.stm32cube.ide.mcu.externaltools.gnu-tools-for-stm32.10.3-2021.10.win32_1.0.200.202301161003/tools/bin/../lib/gcc/arm-none-eabi/10.3.1/../../../../arm-none-eabi/lib/thumb/v7e-m+fp/hard/crt0.o
 .bss           0x0000000000000000        0x0 c:/st/stm32cubeide_1.12.1/stm32cubeide/plugins/com.st.stm32cube.ide.mcu.externaltools.gnu-tools-for-stm32.10.3-2021.10.win32_1.0.200.202301161003/tools/bin/../lib/gcc/arm-none-eabi/10.3.1/../../../../arm-none-eabi/lib/thumb/v7e-m+fp/hard/crt0.o
 .ARM.extab     0x0000000000000000        0x0 c:/st/stm32cubeide_1.12.1/stm32cubeide/plugins/com.st.stm32cube.ide.mcu.externaltools.gnu-tools-for-stm32.10.3-2021.10.win32_1.0.200.202301161003/tools/bin/../lib/gcc/arm-none-eabi/10.3.1/../../../../arm-none-eabi/lib/thumb/v7e-m+fp/hard/crt0.o
 .ARM.exidx     0x0000000000000000       0x10 c:/st/stm32cubeide_1.12.1/stm32cubeide/plugins/com.st.stm32cube.ide.mcu.externaltools.gnu-tools-for-stm32.10.3-2021.10.win32_1.0.200.202301161003/tools/bin/../lib/gcc/arm-none-eabi/10.3.1/../../../../arm-none-eabi/lib/thumb/v7e-m+fp/hard/crt0.o
 .ARM.attributes
                0x0000000000000000       0x1c c:/st/stm32cubeide_1.12.1/stm32cubeide/plugins/com.st.stm32cube.ide.mcu.externaltools.gnu-tools-for-stm32.10.3-2021.10.win32_1.0.200.202301161003/tools/bin/../lib/gcc/arm-none-eabi/10.3.1/../../../../arm-none-eabi/lib/thumb/v7e-m+fp/hard/crt0.o
 .group         0x0000000000000000        0xc ./Src/ADC.o
 .group         0x0000000000000000        0xc ./Src/ADC.o
 .group         0x0000000000000000        0xc ./Src/ADC.o
 .group         0x0000000000000000        0xc ./Src/ADC.o
 .group         0x0000000000000000        0xc ./Src/ADC.o
 .group         0x0000000000000000        0xc ./Src/ADC.o
 .group         0x0000000000000000        0xc ./Src/ADC.o
 .group         0x0000000000000000        0xc ./Src/ADC.o
 .group         0x0000000000000000        0xc ./Src/ADC.o
 .group         0x0000000000000000        0xc ./Src/ADC.o
 .group         0x0000000000000000        0xc ./Src/ADC.o
 .group         0x0000000000000000        0xc ./Src/ADC.o
 .group         0x0000000000000000        0xc ./Src/ADC.o
 .group         0x0000000000000000        0xc ./Src/ADC.o
 .group         0x0000000000000000        0xc ./Src/ADC.o
 .group         0x0000000000000000        0xc ./Src/ADC.o
 .group         0x0000000000000000        0xc ./Src/ADC.o
 .group         0x0000000000000000        0xc ./Src/ADC.o
 .group         0x0000000000000000        0xc ./Src/ADC.o
 .group         0x0000000000000000        0xc ./Src/ADC.o
 .group         0x0000000000000000        0xc ./Src/ADC.o
 .group         0x0000000000000000        0xc ./Src/ADC.o
 .group         0x0000000000000000        0xc ./Src/ADC.o
 .group         0x0000000000000000        0xc ./Src/ADC.o
 .group         0x0000000000000000        0xc ./Src/ADC.o
 .group         0x0000000000000000        0xc ./Src/ADC.o
 .group         0x0000000000000000        0xc ./Src/ADC.o
 .group         0x0000000000000000        0xc ./Src/ADC.o
 .group         0x0000000000000000        0xc ./Src/ADC.o
 .group         0x0000000000000000        0xc ./Src/ADC.o
 .group         0x0000000000000000        0xc ./Src/ADC.o
 .group         0x0000000000000000        0xc ./Src/ADC.o
 .group         0x0000000000000000        0xc ./Src/ADC.o
 .text          0x0000000000000000        0x0 ./Src/ADC.o
 .data          0x0000000000000000        0x0 ./Src/ADC.o
 .bss           0x0000000000000000        0x0 ./Src/ADC.o
 .group         0x0000000000000000        0xc ./Src/CommonFunction.o
 .group         0x0000000000000000        0xc ./Src/CommonFunction.o
 .group         0x0000000000000000        0xc ./Src/CommonFunction.o
 .group         0x0000000000000000        0xc ./Src/CommonFunction.o
 .group         0x0000000000000000        0xc ./Src/CommonFunction.o
 .group         0x0000000000000000        0xc ./Src/CommonFunction.o
 .group         0x0000000000000000        0xc ./Src/CommonFunction.o
 .group         0x0000000000000000        0xc ./Src/CommonFunction.o
 .group         0x0000000000000000        0xc ./Src/CommonFunction.o
 .group         0x0000000000000000        0xc ./Src/CommonFunction.o
 .group         0x0000000000000000        0xc ./Src/CommonFunction.o
 .group         0x0000000000000000        0xc ./Src/CommonFunction.o
 .group         0x0000000000000000        0xc ./Src/CommonFunction.o
 .group         0x0000000000000000        0xc ./Src/CommonFunction.o
 .group         0x0000000000000000        0xc ./Src/CommonFunction.o
 .group         0x0000000000000000        0xc ./Src/CommonFunction.o
 .group         0x0000000000000000        0xc ./Src/CommonFunction.o
 .group         0x0000000000000000        0xc ./Src/CommonFunction.o
 .group         0x0000000000000000        0xc ./Src/CommonFunction.o
 .group         0x0000000000000000        0xc ./Src/CommonFunction.o
 .group         0x0000000000000000        0xc ./Src/CommonFunction.o
 .group         0x0000000000000000        0xc ./Src/CommonFunction.o
 .group         0x0000000000000000        0xc ./Src/CommonFunction.o
 .group         0x0000000000000000        0xc ./Src/CommonFunction.o
 .group         0x0000000000000000        0xc ./Src/CommonFunction.o
 .group         0x0000000000000000        0xc ./Src/CommonFunction.o
 .group         0x0000000000000000        0xc ./Src/CommonFunction.o
 .group         0x0000000000000000        0xc ./Src/CommonFunction.o
 .group         0x0000000000000000        0xc ./Src/CommonFunction.o
 .group         0x0000000000000000        0xc ./Src/CommonFunction.o
 .group         0x0000000000000000        0xc ./Src/CommonFunction.o
 .group         0x0000000000000000        0xc ./Src/CommonFunction.o
 .group         0x0000000000000000        0xc ./Src/CommonFunction.o
 .text          0x0000000000000000        0x0 ./Src/CommonFunction.o
 .data          0x0000000000000000        0x0 ./Src/CommonFunction.o
 .bss           0x0000000000000000        0x0 ./Src/CommonFunction.o
 .text.FPU_enable
                0x0000000000000000       0x24 ./Src/CommonFunction.o
 .debug_macro   0x0000000000000000      0xa84 ./Src/CommonFunction.o
 .debug_macro   0x0000000000000000       0x22 ./Src/CommonFunction.o
 .debug_macro   0x0000000000000000       0x8e ./Src/CommonFunction.o
 .debug_macro   0x0000000000000000       0x51 ./Src/CommonFunction.o
 .debug_macro   0x0000000000000000      0x103 ./Src/CommonFunction.o
 .debug_macro   0x0000000000000000       0x6a ./Src/CommonFunction.o
 .debug_macro   0x0000000000000000      0x1df ./Src/CommonFunction.o
 .debug_macro   0x0000000000000000       0x28 ./Src/CommonFunction.o
 .debug_macro   0x0000000000000000       0x28 ./Src/CommonFunction.o
 .debug_macro   0x0000000000000000       0x1c ./Src/CommonFunction.o
 .debug_macro   0x0000000000000000       0x22 ./Src/CommonFunction.o
 .debug_macro   0x0000000000000000       0xd9 ./Src/CommonFunction.o
 .debug_macro   0x0000000000000000     0x102d ./Src/CommonFunction.o
 .debug_macro   0x0000000000000000      0x11f ./Src/CommonFunction.o
 .debug_macro   0x0000000000000000    0x12a3a ./Src/CommonFunction.o
 .debug_macro   0x0000000000000000       0x6d ./Src/CommonFunction.o
 .debug_macro   0x0000000000000000       0x22 ./Src/CommonFunction.o
 .debug_macro   0x0000000000000000       0x52 ./Src/CommonFunction.o
 .debug_macro   0x0000000000000000       0x1e ./Src/CommonFunction.o
 .debug_macro   0x0000000000000000       0x3c ./Src/CommonFunction.o
 .debug_macro   0x0000000000000000       0x34 ./Src/CommonFunction.o
 .debug_macro   0x0000000000000000      0x174 ./Src/CommonFunction.o
 .debug_macro   0x0000000000000000       0x16 ./Src/CommonFunction.o
 .debug_macro   0x0000000000000000       0x43 ./Src/CommonFunction.o
 .debug_macro   0x0000000000000000       0x34 ./Src/CommonFunction.o
 .debug_macro   0x0000000000000000       0x10 ./Src/CommonFunction.o
 .debug_macro   0x0000000000000000       0x58 ./Src/CommonFunction.o
 .debug_macro   0x0000000000000000       0x71 ./Src/CommonFunction.o
 .debug_macro   0x0000000000000000       0x1c ./Src/CommonFunction.o
 .debug_macro   0x0000000000000000      0x12a ./Src/CommonFunction.o
 .debug_macro   0x0000000000000000      0x341 ./Src/CommonFunction.o
 .debug_macro   0x0000000000000000      0x19b ./Src/CommonFunction.o
 .debug_macro   0x0000000000000000       0x1c ./Src/CommonFunction.o
 .group         0x0000000000000000        0xc ./Src/DMA.o
 .group         0x0000000000000000        0xc ./Src/DMA.o
 .group         0x0000000000000000        0xc ./Src/DMA.o
 .group         0x0000000000000000        0xc ./Src/DMA.o
 .group         0x0000000000000000        0xc ./Src/DMA.o
 .group         0x0000000000000000        0xc ./Src/DMA.o
 .group         0x0000000000000000        0xc ./Src/DMA.o
 .group         0x0000000000000000        0xc ./Src/DMA.o
 .group         0x0000000000000000        0xc ./Src/DMA.o
 .group         0x0000000000000000        0xc ./Src/DMA.o
 .group         0x0000000000000000        0xc ./Src/DMA.o
 .group         0x0000000000000000        0xc ./Src/DMA.o
 .group         0x0000000000000000        0xc ./Src/DMA.o
 .group         0x0000000000000000        0xc ./Src/DMA.o
 .group         0x0000000000000000        0xc ./Src/DMA.o
 .group         0x0000000000000000        0xc ./Src/DMA.o
 .group         0x0000000000000000        0xc ./Src/DMA.o
 .group         0x0000000000000000        0xc ./Src/DMA.o
 .group         0x0000000000000000        0xc ./Src/DMA.o
 .group         0x0000000000000000        0xc ./Src/DMA.o
 .group         0x0000000000000000        0xc ./Src/DMA.o
 .group         0x0000000000000000        0xc ./Src/DMA.o
 .group         0x0000000000000000        0xc ./Src/DMA.o
 .group         0x0000000000000000        0xc ./Src/DMA.o
 .group         0x0000000000000000        0xc ./Src/DMA.o
 .group         0x0000000000000000        0xc ./Src/DMA.o
 .group         0x0000000000000000        0xc ./Src/DMA.o
 .group         0x0000000000000000        0xc ./Src/DMA.o
 .group         0x0000000000000000        0xc ./Src/DMA.o
 .group         0x0000000000000000        0xc ./Src/DMA.o
 .group         0x0000000000000000        0xc ./Src/DMA.o
 .group         0x0000000000000000        0xc ./Src/DMA.o
 .group         0x0000000000000000        0xc ./Src/DMA.o
 .text          0x0000000000000000        0x0 ./Src/DMA.o
 .data          0x0000000000000000        0x0 ./Src/DMA.o
 .bss           0x0000000000000000        0x0 ./Src/DMA.o
 .debug_macro   0x0000000000000000      0xa84 ./Src/DMA.o
 .debug_macro   0x0000000000000000       0x22 ./Src/DMA.o
 .debug_macro   0x0000000000000000       0x8e ./Src/DMA.o
 .debug_macro   0x0000000000000000       0x51 ./Src/DMA.o
 .debug_macro   0x0000000000000000      0x103 ./Src/DMA.o
 .debug_macro   0x0000000000000000       0x6a ./Src/DMA.o
 .debug_macro   0x0000000000000000      0x1df ./Src/DMA.o
 .debug_macro   0x0000000000000000       0x28 ./Src/DMA.o
 .debug_macro   0x0000000000000000       0x28 ./Src/DMA.o
 .debug_macro   0x0000000000000000       0x1c ./Src/DMA.o
 .debug_macro   0x0000000000000000       0x22 ./Src/DMA.o
 .debug_macro   0x0000000000000000       0xd9 ./Src/DMA.o
 .debug_macro   0x0000000000000000     0x102d ./Src/DMA.o
 .debug_macro   0x0000000000000000      0x11f ./Src/DMA.o
 .debug_macro   0x0000000000000000    0x12a3a ./Src/DMA.o
 .debug_macro   0x0000000000000000       0x6d ./Src/DMA.o
 .debug_macro   0x0000000000000000       0x22 ./Src/DMA.o
 .debug_macro   0x0000000000000000       0x52 ./Src/DMA.o
 .debug_macro   0x0000000000000000       0x1e ./Src/DMA.o
 .debug_macro   0x0000000000000000       0x3c ./Src/DMA.o
 .debug_macro   0x0000000000000000       0x34 ./Src/DMA.o
 .debug_macro   0x0000000000000000      0x174 ./Src/DMA.o
 .debug_macro   0x0000000000000000       0x16 ./Src/DMA.o
 .debug_macro   0x0000000000000000       0x43 ./Src/DMA.o
 .debug_macro   0x0000000000000000       0x34 ./Src/DMA.o
 .debug_macro   0x0000000000000000       0x10 ./Src/DMA.o
 .debug_macro   0x0000000000000000       0x58 ./Src/DMA.o
 .debug_macro   0x0000000000000000       0x71 ./Src/DMA.o
 .debug_macro   0x0000000000000000       0x1c ./Src/DMA.o
 .debug_macro   0x0000000000000000      0x12a ./Src/DMA.o
 .debug_macro   0x0000000000000000      0x341 ./Src/DMA.o
 .debug_macro   0x0000000000000000      0x19b ./Src/DMA.o
 .debug_macro   0x0000000000000000       0x1c ./Src/DMA.o
 .group         0x0000000000000000        0xc ./Src/GPIO.o
 .group         0x0000000000000000        0xc ./Src/GPIO.o
 .group         0x0000000000000000        0xc ./Src/GPIO.o
 .group         0x0000000000000000        0xc ./Src/GPIO.o
 .group         0x0000000000000000        0xc ./Src/GPIO.o
 .group         0x0000000000000000        0xc ./Src/GPIO.o
 .group         0x0000000000000000        0xc ./Src/GPIO.o
 .group         0x0000000000000000        0xc ./Src/GPIO.o
 .group         0x0000000000000000        0xc ./Src/GPIO.o
 .group         0x0000000000000000        0xc ./Src/GPIO.o
 .group         0x0000000000000000        0xc ./Src/GPIO.o
 .group         0x0000000000000000        0xc ./Src/GPIO.o
 .group         0x0000000000000000        0xc ./Src/GPIO.o
 .group         0x0000000000000000        0xc ./Src/GPIO.o
 .group         0x0000000000000000        0xc ./Src/GPIO.o
 .group         0x0000000000000000        0xc ./Src/GPIO.o
 .group         0x0000000000000000        0xc ./Src/GPIO.o
 .group         0x0000000000000000        0xc ./Src/GPIO.o
 .group         0x0000000000000000        0xc ./Src/GPIO.o
 .group         0x0000000000000000        0xc ./Src/GPIO.o
 .group         0x0000000000000000        0xc ./Src/GPIO.o
 .group         0x0000000000000000        0xc ./Src/GPIO.o
 .group         0x0000000000000000        0xc ./Src/GPIO.o
 .group         0x0000000000000000        0xc ./Src/GPIO.o
 .group         0x0000000000000000        0xc ./Src/GPIO.o
 .group         0x0000000000000000        0xc ./Src/GPIO.o
 .group         0x0000000000000000        0xc ./Src/GPIO.o
 .group         0x0000000000000000        0xc ./Src/GPIO.o
 .group         0x0000000000000000        0xc ./Src/GPIO.o
 .group         0x0000000000000000        0xc ./Src/GPIO.o
 .group         0x0000000000000000        0xc ./Src/GPIO.o
 .group         0x0000000000000000        0xc ./Src/GPIO.o
 .group         0x0000000000000000        0xc ./Src/GPIO.o
 .text          0x0000000000000000        0x0 ./Src/GPIO.o
 .data          0x0000000000000000        0x0 ./Src/GPIO.o
 .bss           0x0000000000000000        0x0 ./Src/GPIO.o
 .text.CS_ForSPI_Set
                0x0000000000000000       0x20 ./Src/GPIO.o
 .text.CS_ForSPI_Reset
                0x0000000000000000       0x20 ./Src/GPIO.o
 .debug_macro   0x0000000000000000      0xa84 ./Src/GPIO.o
 .debug_macro   0x0000000000000000       0x22 ./Src/GPIO.o
 .debug_macro   0x0000000000000000       0x8e ./Src/GPIO.o
 .debug_macro   0x0000000000000000       0x51 ./Src/GPIO.o
 .debug_macro   0x0000000000000000      0x103 ./Src/GPIO.o
 .debug_macro   0x0000000000000000       0x6a ./Src/GPIO.o
 .debug_macro   0x0000000000000000      0x1df ./Src/GPIO.o
 .debug_macro   0x0000000000000000       0x28 ./Src/GPIO.o
 .debug_macro   0x0000000000000000       0x28 ./Src/GPIO.o
 .debug_macro   0x0000000000000000       0x1c ./Src/GPIO.o
 .debug_macro   0x0000000000000000       0x22 ./Src/GPIO.o
 .debug_macro   0x0000000000000000       0xd9 ./Src/GPIO.o
 .debug_macro   0x0000000000000000     0x102d ./Src/GPIO.o
 .debug_macro   0x0000000000000000      0x11f ./Src/GPIO.o
 .debug_macro   0x0000000000000000    0x12a3a ./Src/GPIO.o
 .debug_macro   0x0000000000000000       0x6d ./Src/GPIO.o
 .debug_macro   0x0000000000000000       0x22 ./Src/GPIO.o
 .debug_macro   0x0000000000000000       0x52 ./Src/GPIO.o
 .debug_macro   0x0000000000000000       0x1e ./Src/GPIO.o
 .debug_macro   0x0000000000000000       0x3c ./Src/GPIO.o
 .debug_macro   0x0000000000000000       0x34 ./Src/GPIO.o
 .debug_macro   0x0000000000000000      0x174 ./Src/GPIO.o
 .debug_macro   0x0000000000000000       0x16 ./Src/GPIO.o
 .debug_macro   0x0000000000000000       0x43 ./Src/GPIO.o
 .debug_macro   0x0000000000000000       0x34 ./Src/GPIO.o
 .debug_macro   0x0000000000000000       0x10 ./Src/GPIO.o
 .debug_macro   0x0000000000000000       0x58 ./Src/GPIO.o
 .debug_macro   0x0000000000000000       0x71 ./Src/GPIO.o
 .debug_macro   0x0000000000000000       0x1c ./Src/GPIO.o
 .debug_macro   0x0000000000000000      0x12a ./Src/GPIO.o
 .debug_macro   0x0000000000000000      0x341 ./Src/GPIO.o
 .debug_macro   0x0000000000000000      0x19b ./Src/GPIO.o
 .debug_macro   0x0000000000000000       0x1c ./Src/GPIO.o
 .group         0x0000000000000000        0xc ./Src/L3GD20.o
 .group         0x0000000000000000        0xc ./Src/L3GD20.o
 .group         0x0000000000000000        0xc ./Src/L3GD20.o
 .group         0x0000000000000000        0xc ./Src/L3GD20.o
 .group         0x0000000000000000        0xc ./Src/L3GD20.o
 .group         0x0000000000000000        0xc ./Src/L3GD20.o
 .group         0x0000000000000000        0xc ./Src/L3GD20.o
 .group         0x0000000000000000        0xc ./Src/L3GD20.o
 .group         0x0000000000000000        0xc ./Src/L3GD20.o
 .group         0x0000000000000000        0xc ./Src/L3GD20.o
 .group         0x0000000000000000        0xc ./Src/L3GD20.o
 .group         0x0000000000000000        0xc ./Src/L3GD20.o
 .group         0x0000000000000000        0xc ./Src/L3GD20.o
 .group         0x0000000000000000        0xc ./Src/L3GD20.o
 .group         0x0000000000000000        0xc ./Src/L3GD20.o
 .group         0x0000000000000000        0xc ./Src/L3GD20.o
 .group         0x0000000000000000        0xc ./Src/L3GD20.o
 .group         0x0000000000000000        0xc ./Src/L3GD20.o
 .group         0x0000000000000000        0xc ./Src/L3GD20.o
 .group         0x0000000000000000        0xc ./Src/L3GD20.o
 .group         0x0000000000000000        0xc ./Src/L3GD20.o
 .group         0x0000000000000000        0xc ./Src/L3GD20.o
 .group         0x0000000000000000        0xc ./Src/L3GD20.o
 .group         0x0000000000000000        0xc ./Src/L3GD20.o
 .group         0x0000000000000000        0xc ./Src/L3GD20.o
 .group         0x0000000000000000        0xc ./Src/L3GD20.o
 .group         0x0000000000000000        0xc ./Src/L3GD20.o
 .group         0x0000000000000000        0xc ./Src/L3GD20.o
 .group         0x0000000000000000        0xc ./Src/L3GD20.o
 .group         0x0000000000000000        0xc ./Src/L3GD20.o
 .group         0x0000000000000000        0xc ./Src/L3GD20.o
 .group         0x0000000000000000        0xc ./Src/L3GD20.o
 .group         0x0000000000000000        0xc ./Src/L3GD20.o
 .text          0x0000000000000000        0x0 ./Src/L3GD20.o
 .data          0x0000000000000000        0x0 ./Src/L3GD20.o
 .bss           0x0000000000000000        0x0 ./Src/L3GD20.o
 .text.L3GD20_Read
                0x0000000000000000       0x1a ./Src/L3GD20.o
 .debug_info    0x0000000000000000      0x106 ./Src/L3GD20.o
 .debug_abbrev  0x0000000000000000       0x83 ./Src/L3GD20.o
 .debug_aranges
                0x0000000000000000       0x20 ./Src/L3GD20.o
 .debug_ranges  0x0000000000000000       0x10 ./Src/L3GD20.o
 .debug_macro   0x0000000000000000      0x1e8 ./Src/L3GD20.o
 .debug_macro   0x0000000000000000      0xa84 ./Src/L3GD20.o
 .debug_macro   0x0000000000000000       0x22 ./Src/L3GD20.o
 .debug_macro   0x0000000000000000       0x8e ./Src/L3GD20.o
 .debug_macro   0x0000000000000000       0x51 ./Src/L3GD20.o
 .debug_macro   0x0000000000000000      0x103 ./Src/L3GD20.o
 .debug_macro   0x0000000000000000       0x6a ./Src/L3GD20.o
 .debug_macro   0x0000000000000000      0x1df ./Src/L3GD20.o
 .debug_macro   0x0000000000000000       0x28 ./Src/L3GD20.o
 .debug_macro   0x0000000000000000       0x28 ./Src/L3GD20.o
 .debug_macro   0x0000000000000000       0x1c ./Src/L3GD20.o
 .debug_macro   0x0000000000000000       0x22 ./Src/L3GD20.o
 .debug_macro   0x0000000000000000       0xd9 ./Src/L3GD20.o
 .debug_macro   0x0000000000000000     0x102d ./Src/L3GD20.o
 .debug_macro   0x0000000000000000      0x11f ./Src/L3GD20.o
 .debug_macro   0x0000000000000000    0x12a3a ./Src/L3GD20.o
 .debug_macro   0x0000000000000000       0x6d ./Src/L3GD20.o
 .debug_macro   0x0000000000000000       0x22 ./Src/L3GD20.o
 .debug_macro   0x0000000000000000       0x52 ./Src/L3GD20.o
 .debug_macro   0x0000000000000000       0x1e ./Src/L3GD20.o
 .debug_macro   0x0000000000000000       0x3c ./Src/L3GD20.o
 .debug_macro   0x0000000000000000       0x34 ./Src/L3GD20.o
 .debug_macro   0x0000000000000000      0x174 ./Src/L3GD20.o
 .debug_macro   0x0000000000000000       0x16 ./Src/L3GD20.o
 .debug_macro   0x0000000000000000       0x43 ./Src/L3GD20.o
 .debug_macro   0x0000000000000000       0x34 ./Src/L3GD20.o
 .debug_macro   0x0000000000000000       0x10 ./Src/L3GD20.o
 .debug_macro   0x0000000000000000       0x58 ./Src/L3GD20.o
 .debug_macro   0x0000000000000000       0x71 ./Src/L3GD20.o
 .debug_macro   0x0000000000000000       0x1c ./Src/L3GD20.o
 .debug_macro   0x0000000000000000      0x12a ./Src/L3GD20.o
 .debug_macro   0x0000000000000000      0x341 ./Src/L3GD20.o
 .debug_macro   0x0000000000000000      0x19b ./Src/L3GD20.o
 .debug_macro   0x0000000000000000       0x16 ./Src/L3GD20.o
 .debug_line    0x0000000000000000      0x601 ./Src/L3GD20.o
 .debug_str     0x0000000000000000    0x76253 ./Src/L3GD20.o
 .comment       0x0000000000000000       0x51 ./Src/L3GD20.o
 .debug_frame   0x0000000000000000       0x38 ./Src/L3GD20.o
 .ARM.attributes
                0x0000000000000000       0x34 ./Src/L3GD20.o
 .group         0x0000000000000000        0xc ./Src/SPI.o
 .group         0x0000000000000000        0xc ./Src/SPI.o
 .group         0x0000000000000000        0xc ./Src/SPI.o
 .group         0x0000000000000000        0xc ./Src/SPI.o
 .group         0x0000000000000000        0xc ./Src/SPI.o
 .group         0x0000000000000000        0xc ./Src/SPI.o
 .group         0x0000000000000000        0xc ./Src/SPI.o
 .group         0x0000000000000000        0xc ./Src/SPI.o
 .group         0x0000000000000000        0xc ./Src/SPI.o
 .group         0x0000000000000000        0xc ./Src/SPI.o
 .group         0x0000000000000000        0xc ./Src/SPI.o
 .group         0x0000000000000000        0xc ./Src/SPI.o
 .group         0x0000000000000000        0xc ./Src/SPI.o
 .group         0x0000000000000000        0xc ./Src/SPI.o
 .group         0x0000000000000000        0xc ./Src/SPI.o
 .group         0x0000000000000000        0xc ./Src/SPI.o
 .group         0x0000000000000000        0xc ./Src/SPI.o
 .group         0x0000000000000000        0xc ./Src/SPI.o
 .group         0x0000000000000000        0xc ./Src/SPI.o
 .group         0x0000000000000000        0xc ./Src/SPI.o
 .group         0x0000000000000000        0xc ./Src/SPI.o
 .group         0x0000000000000000        0xc ./Src/SPI.o
 .group         0x0000000000000000        0xc ./Src/SPI.o
 .group         0x0000000000000000        0xc ./Src/SPI.o
 .group         0x0000000000000000        0xc ./Src/SPI.o
 .group         0x0000000000000000        0xc ./Src/SPI.o
 .group         0x0000000000000000        0xc ./Src/SPI.o
 .group         0x0000000000000000        0xc ./Src/SPI.o
 .group         0x0000000000000000        0xc ./Src/SPI.o
 .group         0x0000000000000000        0xc ./Src/SPI.o
 .group         0x0000000000000000        0xc ./Src/SPI.o
 .group         0x0000000000000000        0xc ./Src/SPI.o
 .group         0x0000000000000000        0xc ./Src/SPI.o
 .text          0x0000000000000000        0x0 ./Src/SPI.o
 .data          0x0000000000000000        0x0 ./Src/SPI.o
 .bss           0x0000000000000000        0x0 ./Src/SPI.o
 .text.SPI_init
                0x0000000000000000       0x3c ./Src/SPI.o
 .text.SPI_enable
                0x0000000000000000       0x1c ./Src/SPI.o
 .text.SPI_SendData
                0x0000000000000000       0x4c ./Src/SPI.o
 .text.SPI_ReceiveData
                0x0000000000000000       0x50 ./Src/SPI.o
 .debug_info    0x0000000000000000      0x2f2 ./Src/SPI.o
 .debug_abbrev  0x0000000000000000      0x12c ./Src/SPI.o
 .debug_aranges
                0x0000000000000000       0x38 ./Src/SPI.o
 .debug_ranges  0x0000000000000000       0x28 ./Src/SPI.o
 .debug_macro   0x0000000000000000      0x1e6 ./Src/SPI.o
 .debug_macro   0x0000000000000000      0xa84 ./Src/SPI.o
 .debug_macro   0x0000000000000000       0x22 ./Src/SPI.o
 .debug_macro   0x0000000000000000       0x8e ./Src/SPI.o
 .debug_macro   0x0000000000000000       0x51 ./Src/SPI.o
 .debug_macro   0x0000000000000000      0x103 ./Src/SPI.o
 .debug_macro   0x0000000000000000       0x6a ./Src/SPI.o
 .debug_macro   0x0000000000000000      0x1df ./Src/SPI.o
 .debug_macro   0x0000000000000000       0x28 ./Src/SPI.o
 .debug_macro   0x0000000000000000       0x28 ./Src/SPI.o
 .debug_macro   0x0000000000000000       0x1c ./Src/SPI.o
 .debug_macro   0x0000000000000000       0x22 ./Src/SPI.o
 .debug_macro   0x0000000000000000       0xd9 ./Src/SPI.o
 .debug_macro   0x0000000000000000     0x102d ./Src/SPI.o
 .debug_macro   0x0000000000000000      0x11f ./Src/SPI.o
 .debug_macro   0x0000000000000000    0x12a3a ./Src/SPI.o
 .debug_macro   0x0000000000000000       0x6d ./Src/SPI.o
 .debug_macro   0x0000000000000000       0x22 ./Src/SPI.o
 .debug_macro   0x0000000000000000       0x52 ./Src/SPI.o
 .debug_macro   0x0000000000000000       0x1e ./Src/SPI.o
 .debug_macro   0x0000000000000000       0x3c ./Src/SPI.o
 .debug_macro   0x0000000000000000       0x34 ./Src/SPI.o
 .debug_macro   0x0000000000000000      0x174 ./Src/SPI.o
 .debug_macro   0x0000000000000000       0x16 ./Src/SPI.o
 .debug_macro   0x0000000000000000       0x43 ./Src/SPI.o
 .debug_macro   0x0000000000000000       0x34 ./Src/SPI.o
 .debug_macro   0x0000000000000000       0x10 ./Src/SPI.o
 .debug_macro   0x0000000000000000       0x58 ./Src/SPI.o
 .debug_macro   0x0000000000000000       0x71 ./Src/SPI.o
 .debug_macro   0x0000000000000000       0x1c ./Src/SPI.o
 .debug_macro   0x0000000000000000      0x12a ./Src/SPI.o
 .debug_macro   0x0000000000000000      0x341 ./Src/SPI.o
 .debug_macro   0x0000000000000000      0x19b ./Src/SPI.o
 .debug_macro   0x0000000000000000       0x1c ./Src/SPI.o
 .debug_line    0x0000000000000000      0x6d9 ./Src/SPI.o
 .debug_str     0x0000000000000000    0x762fd ./Src/SPI.o
 .comment       0x0000000000000000       0x51 ./Src/SPI.o
 .debug_frame   0x0000000000000000       0x9c ./Src/SPI.o
 .ARM.attributes
                0x0000000000000000       0x34 ./Src/SPI.o
 .group         0x0000000000000000        0xc ./Src/Timer1.o
 .group         0x0000000000000000        0xc ./Src/Timer1.o
 .group         0x0000000000000000        0xc ./Src/Timer1.o
 .group         0x0000000000000000        0xc ./Src/Timer1.o
 .group         0x0000000000000000        0xc ./Src/Timer1.o
 .group         0x0000000000000000        0xc ./Src/Timer1.o
 .group         0x0000000000000000        0xc ./Src/Timer1.o
 .group         0x0000000000000000        0xc ./Src/Timer1.o
 .group         0x0000000000000000        0xc ./Src/Timer1.o
 .group         0x0000000000000000        0xc ./Src/Timer1.o
 .group         0x0000000000000000        0xc ./Src/Timer1.o
 .group         0x0000000000000000        0xc ./Src/Timer1.o
 .group         0x0000000000000000        0xc ./Src/Timer1.o
 .group         0x0000000000000000        0xc ./Src/Timer1.o
 .group         0x0000000000000000        0xc ./Src/Timer1.o
 .group         0x0000000000000000        0xc ./Src/Timer1.o
 .group         0x0000000000000000        0xc ./Src/Timer1.o
 .group         0x0000000000000000        0xc ./Src/Timer1.o
 .group         0x0000000000000000        0xc ./Src/Timer1.o
 .group         0x0000000000000000        0xc ./Src/Timer1.o
 .group         0x0000000000000000        0xc ./Src/Timer1.o
 .group         0x0000000000000000        0xc ./Src/Timer1.o
 .group         0x0000000000000000        0xc ./Src/Timer1.o
 .group         0x0000000000000000        0xc ./Src/Timer1.o
 .group         0x0000000000000000        0xc ./Src/Timer1.o
 .group         0x0000000000000000        0xc ./Src/Timer1.o
 .group         0x0000000000000000        0xc ./Src/Timer1.o
 .group         0x0000000000000000        0xc ./Src/Timer1.o
 .group         0x0000000000000000        0xc ./Src/Timer1.o
 .group         0x0000000000000000        0xc ./Src/Timer1.o
 .group         0x0000000000000000        0xc ./Src/Timer1.o
 .group         0x0000000000000000        0xc ./Src/Timer1.o
 .group         0x0000000000000000        0xc ./Src/Timer1.o
 .text          0x0000000000000000        0x0 ./Src/Timer1.o
 .data          0x0000000000000000        0x0 ./Src/Timer1.o
 .bss           0x0000000000000000        0x0 ./Src/Timer1.o
 .debug_macro   0x0000000000000000      0xa84 ./Src/Timer1.o
 .debug_macro   0x0000000000000000       0x22 ./Src/Timer1.o
 .debug_macro   0x0000000000000000       0x8e ./Src/Timer1.o
 .debug_macro   0x0000000000000000       0x51 ./Src/Timer1.o
 .debug_macro   0x0000000000000000      0x103 ./Src/Timer1.o
 .debug_macro   0x0000000000000000       0x6a ./Src/Timer1.o
 .debug_macro   0x0000000000000000      0x1df ./Src/Timer1.o
 .debug_macro   0x0000000000000000       0x28 ./Src/Timer1.o
 .debug_macro   0x0000000000000000       0x28 ./Src/Timer1.o
 .debug_macro   0x0000000000000000       0x1c ./Src/Timer1.o
 .debug_macro   0x0000000000000000       0x22 ./Src/Timer1.o
 .debug_macro   0x0000000000000000       0xd9 ./Src/Timer1.o
 .debug_macro   0x0000000000000000     0x102d ./Src/Timer1.o
 .debug_macro   0x0000000000000000      0x11f ./Src/Timer1.o
 .debug_macro   0x0000000000000000    0x12a3a ./Src/Timer1.o
 .debug_macro   0x0000000000000000       0x6d ./Src/Timer1.o
 .debug_macro   0x0000000000000000       0x22 ./Src/Timer1.o
 .debug_macro   0x0000000000000000       0x52 ./Src/Timer1.o
 .debug_macro   0x0000000000000000       0x1e ./Src/Timer1.o
 .debug_macro   0x0000000000000000       0x3c ./Src/Timer1.o
 .debug_macro   0x0000000000000000       0x34 ./Src/Timer1.o
 .debug_macro   0x0000000000000000      0x174 ./Src/Timer1.o
 .debug_macro   0x0000000000000000       0x16 ./Src/Timer1.o
 .debug_macro   0x0000000000000000       0x43 ./Src/Timer1.o
 .debug_macro   0x0000000000000000       0x34 ./Src/Timer1.o
 .debug_macro   0x0000000000000000       0x10 ./Src/Timer1.o
 .debug_macro   0x0000000000000000       0x58 ./Src/Timer1.o
 .debug_macro   0x0000000000000000       0x71 ./Src/Timer1.o
 .debug_macro   0x0000000000000000       0x1c ./Src/Timer1.o
 .debug_macro   0x0000000000000000      0x12a ./Src/Timer1.o
 .debug_macro   0x0000000000000000      0x341 ./Src/Timer1.o
 .debug_macro   0x0000000000000000      0x19b ./Src/Timer1.o
 .debug_macro   0x0000000000000000       0x1c ./Src/Timer1.o
 .group         0x0000000000000000        0xc ./Src/main.o
 .group         0x0000000000000000        0xc ./Src/main.o
 .group         0x0000000000000000        0xc ./Src/main.o
 .group         0x0000000000000000        0xc ./Src/main.o
 .group         0x0000000000000000        0xc ./Src/main.o
 .group         0x0000000000000000        0xc ./Src/main.o
 .group         0x0000000000000000        0xc ./Src/main.o
 .group         0x0000000000000000        0xc ./Src/main.o
 .group         0x0000000000000000        0xc ./Src/main.o
 .group         0x0000000000000000        0xc ./Src/main.o
 .group         0x0000000000000000        0xc ./Src/main.o
 .group         0x0000000000000000        0xc ./Src/main.o
 .group         0x0000000000000000        0xc ./Src/main.o
 .group         0x0000000000000000        0xc ./Src/main.o
 .group         0x0000000000000000        0xc ./Src/main.o
 .group         0x0000000000000000        0xc ./Src/main.o
 .group         0x0000000000000000        0xc ./Src/main.o
 .group         0x0000000000000000        0xc ./Src/main.o
 .group         0x0000000000000000        0xc ./Src/main.o
 .group         0x0000000000000000        0xc ./Src/main.o
 .group         0x0000000000000000        0xc ./Src/main.o
 .group         0x0000000000000000        0xc ./Src/main.o
 .group         0x0000000000000000        0xc ./Src/main.o
 .group         0x0000000000000000        0xc ./Src/main.o
 .group         0x0000000000000000        0xc ./Src/main.o
 .group         0x0000000000000000        0xc ./Src/main.o
 .group         0x0000000000000000        0xc ./Src/main.o
 .group         0x0000000000000000        0xc ./Src/main.o
 .group         0x0000000000000000        0xc ./Src/main.o
 .group         0x0000000000000000        0xc ./Src/main.o
 .group         0x0000000000000000        0xc ./Src/main.o
 .group         0x0000000000000000        0xc ./Src/main.o
 .group         0x0000000000000000        0xc ./Src/main.o
 .text          0x0000000000000000        0x0 ./Src/main.o
 .data          0x0000000000000000        0x0 ./Src/main.o
 .bss           0x0000000000000000        0x0 ./Src/main.o
 .debug_macro   0x0000000000000000      0xa84 ./Src/main.o
 .debug_macro   0x0000000000000000       0x22 ./Src/main.o
 .debug_macro   0x0000000000000000       0x8e ./Src/main.o
 .debug_macro   0x0000000000000000       0x51 ./Src/main.o
 .debug_macro   0x0000000000000000      0x103 ./Src/main.o
 .debug_macro   0x0000000000000000       0x6a ./Src/main.o
 .debug_macro   0x0000000000000000      0x1df ./Src/main.o
 .debug_macro   0x0000000000000000       0x28 ./Src/main.o
 .debug_macro   0x0000000000000000       0x28 ./Src/main.o
 .debug_macro   0x0000000000000000       0x1c ./Src/main.o
 .debug_macro   0x0000000000000000       0x22 ./Src/main.o
 .debug_macro   0x0000000000000000       0xd9 ./Src/main.o
 .debug_macro   0x0000000000000000     0x102d ./Src/main.o
 .debug_macro   0x0000000000000000      0x11f ./Src/main.o
 .debug_macro   0x0000000000000000    0x12a3a ./Src/main.o
 .debug_macro   0x0000000000000000       0x6d ./Src/main.o
 .debug_macro   0x0000000000000000       0x22 ./Src/main.o
 .debug_macro   0x0000000000000000       0x52 ./Src/main.o
 .debug_macro   0x0000000000000000       0x1e ./Src/main.o
 .debug_macro   0x0000000000000000       0x3c ./Src/main.o
 .debug_macro   0x0000000000000000       0x34 ./Src/main.o
 .debug_macro   0x0000000000000000      0x174 ./Src/main.o
 .debug_macro   0x0000000000000000       0x16 ./Src/main.o
 .debug_macro   0x0000000000000000       0x43 ./Src/main.o
 .debug_macro   0x0000000000000000       0x34 ./Src/main.o
 .debug_macro   0x0000000000000000       0x10 ./Src/main.o
 .debug_macro   0x0000000000000000       0x58 ./Src/main.o
 .debug_macro   0x0000000000000000       0x71 ./Src/main.o
 .debug_macro   0x0000000000000000       0x1c ./Src/main.o
 .debug_macro   0x0000000000000000      0x12a ./Src/main.o
 .debug_macro   0x0000000000000000      0x341 ./Src/main.o
 .debug_macro   0x0000000000000000      0x19b ./Src/main.o
 .debug_macro   0x0000000000000000       0x1c ./Src/main.o
 .group         0x0000000000000000        0xc ./Src/syscalls.o
 .group         0x0000000000000000        0xc ./Src/syscalls.o
 .group         0x0000000000000000        0xc ./Src/syscalls.o
 .group         0x0000000000000000        0xc ./Src/syscalls.o
 .group         0x0000000000000000        0xc ./Src/syscalls.o
 .group         0x0000000000000000        0xc ./Src/syscalls.o
 .group         0x0000000000000000        0xc ./Src/syscalls.o
 .group         0x0000000000000000        0xc ./Src/syscalls.o
 .group         0x0000000000000000        0xc ./Src/syscalls.o
 .group         0x0000000000000000        0xc ./Src/syscalls.o
 .group         0x0000000000000000        0xc ./Src/syscalls.o
 .group         0x0000000000000000        0xc ./Src/syscalls.o
 .group         0x0000000000000000        0xc ./Src/syscalls.o
 .group         0x0000000000000000        0xc ./Src/syscalls.o
 .group         0x0000000000000000        0xc ./Src/syscalls.o
 .group         0x0000000000000000        0xc ./Src/syscalls.o
 .group         0x0000000000000000        0xc ./Src/syscalls.o
 .group         0x0000000000000000        0xc ./Src/syscalls.o
 .group         0x0000000000000000        0xc ./Src/syscalls.o
 .group         0x0000000000000000        0xc ./Src/syscalls.o
 .group         0x0000000000000000        0xc ./Src/syscalls.o
 .group         0x0000000000000000        0xc ./Src/syscalls.o
 .group         0x0000000000000000        0xc ./Src/syscalls.o
 .group         0x0000000000000000        0xc ./Src/syscalls.o
 .group         0x0000000000000000        0xc ./Src/syscalls.o
 .group         0x0000000000000000        0xc ./Src/syscalls.o
 .group         0x0000000000000000        0xc ./Src/syscalls.o
 .group         0x0000000000000000        0xc ./Src/syscalls.o
 .group         0x0000000000000000        0xc ./Src/syscalls.o
 .group         0x0000000000000000        0xc ./Src/syscalls.o
 .group         0x0000000000000000        0xc ./Src/syscalls.o
 .group         0x0000000000000000        0xc ./Src/syscalls.o
 .group         0x0000000000000000        0xc ./Src/syscalls.o
 .group         0x0000000000000000        0xc ./Src/syscalls.o
 .group         0x0000000000000000        0xc ./Src/syscalls.o
 .group         0x0000000000000000        0xc ./Src/syscalls.o
 .group         0x0000000000000000        0xc ./Src/syscalls.o
 .group         0x0000000000000000        0xc ./Src/syscalls.o
 .group         0x0000000000000000        0xc ./Src/syscalls.o
 .group         0x0000000000000000        0xc ./Src/syscalls.o
 .group         0x0000000000000000        0xc ./Src/syscalls.o
 .group         0x0000000000000000        0xc ./Src/syscalls.o
 .group         0x0000000000000000        0xc ./Src/syscalls.o
 .group         0x0000000000000000        0xc ./Src/syscalls.o
 .group         0x0000000000000000        0xc ./Src/syscalls.o
 .group         0x0000000000000000        0xc ./Src/syscalls.o
 .group         0x0000000000000000        0xc ./Src/syscalls.o
 .text          0x0000000000000000        0x0 ./Src/syscalls.o
 .data          0x0000000000000000        0x0 ./Src/syscalls.o
 .bss           0x0000000000000000        0x0 ./Src/syscalls.o
 .bss.__env     0x0000000000000000        0x4 ./Src/syscalls.o
 .data.environ  0x0000000000000000        0x4 ./Src/syscalls.o
 .text.initialise_monitor_handles
                0x0000000000000000        0xe ./Src/syscalls.o
 .text._getpid  0x0000000000000000       0x10 ./Src/syscalls.o
 .text._kill    0x0000000000000000       0x20 ./Src/syscalls.o
 .text._exit    0x0000000000000000       0x14 ./Src/syscalls.o
 .text._read    0x0000000000000000       0x3a ./Src/syscalls.o
 .text._write   0x0000000000000000       0x38 ./Src/syscalls.o
 .text._close   0x0000000000000000       0x18 ./Src/syscalls.o
 .text._fstat   0x0000000000000000       0x20 ./Src/syscalls.o
 .text._isatty  0x0000000000000000       0x16 ./Src/syscalls.o
 .text._lseek   0x0000000000000000       0x1a ./Src/syscalls.o
 .text._open    0x0000000000000000       0x1c ./Src/syscalls.o
 .text._wait    0x0000000000000000       0x1e ./Src/syscalls.o
 .text._unlink  0x0000000000000000       0x1e ./Src/syscalls.o
 .text._times   0x0000000000000000       0x18 ./Src/syscalls.o
 .text._stat    0x0000000000000000       0x20 ./Src/syscalls.o
 .text._link    0x0000000000000000       0x20 ./Src/syscalls.o
 .text._fork    0x0000000000000000       0x16 ./Src/syscalls.o
 .text._execve  0x0000000000000000       0x22 ./Src/syscalls.o
 .debug_info    0x0000000000000000      0x6e0 ./Src/syscalls.o
 .debug_abbrev  0x0000000000000000      0x1b3 ./Src/syscalls.o
 .debug_aranges
                0x0000000000000000       0xa8 ./Src/syscalls.o
 .debug_ranges  0x0000000000000000       0x98 ./Src/syscalls.o
 .debug_macro   0x0000000000000000      0x24c ./Src/syscalls.o
 .debug_macro   0x0000000000000000      0xa84 ./Src/syscalls.o
 .debug_macro   0x0000000000000000       0x22 ./Src/syscalls.o
 .debug_macro   0x0000000000000000       0x4c ./Src/syscalls.o
 .debug_macro   0x0000000000000000       0x1e ./Src/syscalls.o
 .debug_macro   0x0000000000000000       0x94 ./Src/syscalls.o
 .debug_macro   0x0000000000000000       0x3c ./Src/syscalls.o
 .debug_macro   0x0000000000000000       0x34 ./Src/syscalls.o
 .debug_macro   0x0000000000000000       0x57 ./Src/syscalls.o
 .debug_macro   0x0000000000000000      0x174 ./Src/syscalls.o
 .debug_macro   0x0000000000000000      0x341 ./Src/syscalls.o
 .debug_macro   0x0000000000000000       0x16 ./Src/syscalls.o
 .debug_macro   0x0000000000000000       0x43 ./Src/syscalls.o
 .debug_macro   0x0000000000000000       0x34 ./Src/syscalls.o
 .debug_macro   0x0000000000000000       0x10 ./Src/syscalls.o
 .debug_macro   0x0000000000000000       0x58 ./Src/syscalls.o
 .debug_macro   0x0000000000000000       0x71 ./Src/syscalls.o
 .debug_macro   0x0000000000000000       0x1c ./Src/syscalls.o
 .debug_macro   0x0000000000000000      0x12a ./Src/syscalls.o
 .debug_macro   0x0000000000000000       0x10 ./Src/syscalls.o
 .debug_macro   0x0000000000000000       0x35 ./Src/syscalls.o
 .debug_macro   0x0000000000000000       0x10 ./Src/syscalls.o
 .debug_macro   0x0000000000000000       0x10 ./Src/syscalls.o
 .debug_macro   0x0000000000000000       0x10 ./Src/syscalls.o
 .debug_macro   0x0000000000000000       0x6a ./Src/syscalls.o
 .debug_macro   0x0000000000000000       0x1c ./Src/syscalls.o
 .debug_macro   0x0000000000000000       0x52 ./Src/syscalls.o
 .debug_macro   0x0000000000000000       0x22 ./Src/syscalls.o
 .debug_macro   0x0000000000000000       0x10 ./Src/syscalls.o
 .debug_macro   0x0000000000000000       0x52 ./Src/syscalls.o
 .debug_macro   0x0000000000000000       0xd5 ./Src/syscalls.o
 .debug_macro   0x0000000000000000       0x1c ./Src/syscalls.o
 .debug_macro   0x0000000000000000       0x3d ./Src/syscalls.o
 .debug_macro   0x0000000000000000       0x35 ./Src/syscalls.o
 .debug_macro   0x0000000000000000      0x12c ./Src/syscalls.o
 .debug_macro   0x0000000000000000       0x16 ./Src/syscalls.o
 .debug_macro   0x0000000000000000       0x16 ./Src/syscalls.o
 .debug_macro   0x0000000000000000       0x29 ./Src/syscalls.o
 .debug_macro   0x0000000000000000       0x10 ./Src/syscalls.o
 .debug_macro   0x0000000000000000      0x241 ./Src/syscalls.o
 .debug_macro   0x0000000000000000       0x1c ./Src/syscalls.o
 .debug_macro   0x0000000000000000       0x10 ./Src/syscalls.o
 .debug_macro   0x0000000000000000       0x10 ./Src/syscalls.o
 .debug_macro   0x0000000000000000       0x16 ./Src/syscalls.o
 .debug_macro   0x0000000000000000      0x145 ./Src/syscalls.o
 .debug_macro   0x0000000000000000      0x189 ./Src/syscalls.o
 .debug_macro   0x0000000000000000       0x16 ./Src/syscalls.o
 .debug_macro   0x0000000000000000       0xce ./Src/syscalls.o
 .debug_line    0x0000000000000000      0x7f9 ./Src/syscalls.o
 .debug_str     0x0000000000000000     0x8a9a ./Src/syscalls.o
 .comment       0x0000000000000000       0x51 ./Src/syscalls.o
 .debug_frame   0x0000000000000000      0x2ac ./Src/syscalls.o
 .ARM.attributes
                0x0000000000000000       0x34 ./Src/syscalls.o
 .group         0x0000000000000000        0xc ./Src/sysmem.o
 .group         0x0000000000000000        0xc ./Src/sysmem.o
 .group         0x0000000000000000        0xc ./Src/sysmem.o
 .group         0x0000000000000000        0xc ./Src/sysmem.o
 .group         0x0000000000000000        0xc ./Src/sysmem.o
 .group         0x0000000000000000        0xc ./Src/sysmem.o
 .group         0x0000000000000000        0xc ./Src/sysmem.o
 .group         0x0000000000000000        0xc ./Src/sysmem.o
 .group         0x0000000000000000        0xc ./Src/sysmem.o
 .group         0x0000000000000000        0xc ./Src/sysmem.o
 .group         0x0000000000000000        0xc ./Src/sysmem.o
 .group         0x0000000000000000        0xc ./Src/sysmem.o
 .group         0x0000000000000000        0xc ./Src/sysmem.o
 .group         0x0000000000000000        0xc ./Src/sysmem.o
 .group         0x0000000000000000        0xc ./Src/sysmem.o
 .group         0x0000000000000000        0xc ./Src/sysmem.o
 .group         0x0000000000000000        0xc ./Src/sysmem.o
 .group         0x0000000000000000        0xc ./Src/sysmem.o
 .group         0x0000000000000000        0xc ./Src/sysmem.o
 .group         0x0000000000000000        0xc ./Src/sysmem.o
 .group         0x0000000000000000        0xc ./Src/sysmem.o
 .group         0x0000000000000000        0xc ./Src/sysmem.o
 .text          0x0000000000000000        0x0 ./Src/sysmem.o
 .data          0x0000000000000000        0x0 ./Src/sysmem.o
 .bss           0x0000000000000000        0x0 ./Src/sysmem.o
 .bss.__sbrk_heap_end
                0x0000000000000000        0x4 ./Src/sysmem.o
 .text._sbrk    0x0000000000000000       0x6c ./Src/sysmem.o
 .debug_info    0x0000000000000000      0x171 ./Src/sysmem.o
 .debug_abbrev  0x0000000000000000       0xbb ./Src/sysmem.o
 .debug_aranges
                0x0000000000000000       0x20 ./Src/sysmem.o
 .debug_ranges  0x0000000000000000       0x10 ./Src/sysmem.o
 .debug_macro   0x0000000000000000       0xff ./Src/sysmem.o
 .debug_macro   0x0000000000000000      0xa84 ./Src/sysmem.o
 .debug_macro   0x0000000000000000       0x10 ./Src/sysmem.o
 .debug_macro   0x0000000000000000       0x22 ./Src/sysmem.o
 .debug_macro   0x0000000000000000       0x4c ./Src/sysmem.o
 .debug_macro   0x0000000000000000       0x1e ./Src/sysmem.o
 .debug_macro   0x0000000000000000       0x94 ./Src/sysmem.o
 .debug_macro   0x0000000000000000       0x3c ./Src/sysmem.o
 .debug_macro   0x0000000000000000       0x34 ./Src/sysmem.o
 .debug_macro   0x0000000000000000      0x174 ./Src/sysmem.o
 .debug_macro   0x0000000000000000       0x16 ./Src/sysmem.o
 .debug_macro   0x0000000000000000       0x43 ./Src/sysmem.o
 .debug_macro   0x0000000000000000       0x57 ./Src/sysmem.o
 .debug_macro   0x0000000000000000       0x34 ./Src/sysmem.o
 .debug_macro   0x0000000000000000       0x10 ./Src/sysmem.o
 .debug_macro   0x0000000000000000       0x58 ./Src/sysmem.o
 .debug_macro   0x0000000000000000       0x71 ./Src/sysmem.o
 .debug_macro   0x0000000000000000       0x1c ./Src/sysmem.o
 .debug_macro   0x0000000000000000      0x12a ./Src/sysmem.o
 .debug_macro   0x0000000000000000      0x23b ./Src/sysmem.o
 .debug_macro   0x0000000000000000      0x103 ./Src/sysmem.o
 .debug_macro   0x0000000000000000       0x6a ./Src/sysmem.o
 .debug_macro   0x0000000000000000      0x1df ./Src/sysmem.o
 .debug_line    0x0000000000000000      0x4ef ./Src/sysmem.o
 .debug_str     0x0000000000000000     0x5dd6 ./Src/sysmem.o
 .comment       0x0000000000000000       0x51 ./Src/sysmem.o
 .debug_frame   0x0000000000000000       0x34 ./Src/sysmem.o
 .ARM.attributes
                0x0000000000000000       0x34 ./Src/sysmem.o
 .text          0x0000000000000000       0x14 ./Startup/startup_stm32f303vctx.o
 .data          0x0000000000000000        0x0 ./Startup/startup_stm32f303vctx.o
 .bss           0x0000000000000000        0x0 ./Startup/startup_stm32f303vctx.o
 .text          0x0000000000000000        0x0 c:/st/stm32cubeide_1.12.1/stm32cubeide/plugins/com.st.stm32cube.ide.mcu.externaltools.gnu-tools-for-stm32.10.3-2021.10.win32_1.0.200.202301161003/tools/bin/../lib/gcc/arm-none-eabi/10.3.1/../../../../arm-none-eabi/lib/thumb/v7e-m+fp/hard\libc_nano.a(lib_a-errno.o)
 .data          0x0000000000000000        0x0 c:/st/stm32cubeide_1.12.1/stm32cubeide/plugins/com.st.stm32cube.ide.mcu.externaltools.gnu-tools-for-stm32.10.3-2021.10.win32_1.0.200.202301161003/tools/bin/../lib/gcc/arm-none-eabi/10.3.1/../../../../arm-none-eabi/lib/thumb/v7e-m+fp/hard\libc_nano.a(lib_a-errno.o)
 .bss           0x0000000000000000        0x0 c:/st/stm32cubeide_1.12.1/stm32cubeide/plugins/com.st.stm32cube.ide.mcu.externaltools.gnu-tools-for-stm32.10.3-2021.10.win32_1.0.200.202301161003/tools/bin/../lib/gcc/arm-none-eabi/10.3.1/../../../../arm-none-eabi/lib/thumb/v7e-m+fp/hard\libc_nano.a(lib_a-errno.o)
 .text.__errno  0x0000000000000000        0xc c:/st/stm32cubeide_1.12.1/stm32cubeide/plugins/com.st.stm32cube.ide.mcu.externaltools.gnu-tools-for-stm32.10.3-2021.10.win32_1.0.200.202301161003/tools/bin/../lib/gcc/arm-none-eabi/10.3.1/../../../../arm-none-eabi/lib/thumb/v7e-m+fp/hard\libc_nano.a(lib_a-errno.o)
 .debug_frame   0x0000000000000000       0x20 c:/st/stm32cubeide_1.12.1/stm32cubeide/plugins/com.st.stm32cube.ide.mcu.externaltools.gnu-tools-for-stm32.10.3-2021.10.win32_1.0.200.202301161003/tools/bin/../lib/gcc/arm-none-eabi/10.3.1/../../../../arm-none-eabi/lib/thumb/v7e-m+fp/hard\libc_nano.a(lib_a-errno.o)
 .ARM.attributes
                0x0000000000000000       0x34 c:/st/stm32cubeide_1.12.1/stm32cubeide/plugins/com.st.stm32cube.ide.mcu.externaltools.gnu-tools-for-stm32.10.3-2021.10.win32_1.0.200.202301161003/tools/bin/../lib/gcc/arm-none-eabi/10.3.1/../../../../arm-none-eabi/lib/thumb/v7e-m+fp/hard\libc_nano.a(lib_a-errno.o)
 .text          0x0000000000000000        0x0 c:/st/stm32cubeide_1.12.1/stm32cubeide/plugins/com.st.stm32cube.ide.mcu.externaltools.gnu-tools-for-stm32.10.3-2021.10.win32_1.0.200.202301161003/tools/bin/../lib/gcc/arm-none-eabi/10.3.1/../../../../arm-none-eabi/lib/thumb/v7e-m+fp/hard\libc_nano.a(lib_a-exit.o)
 .data          0x0000000000000000        0x0 c:/st/stm32cubeide_1.12.1/stm32cubeide/plugins/com.st.stm32cube.ide.mcu.externaltools.gnu-tools-for-stm32.10.3-2021.10.win32_1.0.200.202301161003/tools/bin/../lib/gcc/arm-none-eabi/10.3.1/../../../../arm-none-eabi/lib/thumb/v7e-m+fp/hard\libc_nano.a(lib_a-exit.o)
 .bss           0x0000000000000000        0x0 c:/st/stm32cubeide_1.12.1/stm32cubeide/plugins/com.st.stm32cube.ide.mcu.externaltools.gnu-tools-for-stm32.10.3-2021.10.win32_1.0.200.202301161003/tools/bin/../lib/gcc/arm-none-eabi/10.3.1/../../../../arm-none-eabi/lib/thumb/v7e-m+fp/hard\libc_nano.a(lib_a-exit.o)
 .text.exit     0x0000000000000000       0x28 c:/st/stm32cubeide_1.12.1/stm32cubeide/plugins/com.st.stm32cube.ide.mcu.externaltools.gnu-tools-for-stm32.10.3-2021.10.win32_1.0.200.202301161003/tools/bin/../lib/gcc/arm-none-eabi/10.3.1/../../../../arm-none-eabi/lib/thumb/v7e-m+fp/hard\libc_nano.a(lib_a-exit.o)
 .debug_frame   0x0000000000000000       0x28 c:/st/stm32cubeide_1.12.1/stm32cubeide/plugins/com.st.stm32cube.ide.mcu.externaltools.gnu-tools-for-stm32.10.3-2021.10.win32_1.0.200.202301161003/tools/bin/../lib/gcc/arm-none-eabi/10.3.1/../../../../arm-none-eabi/lib/thumb/v7e-m+fp/hard\libc_nano.a(lib_a-exit.o)
 .ARM.attributes
                0x0000000000000000       0x34 c:/st/stm32cubeide_1.12.1/stm32cubeide/plugins/com.st.stm32cube.ide.mcu.externaltools.gnu-tools-for-stm32.10.3-2021.10.win32_1.0.200.202301161003/tools/bin/../lib/gcc/arm-none-eabi/10.3.1/../../../../arm-none-eabi/lib/thumb/v7e-m+fp/hard\libc_nano.a(lib_a-exit.o)
 .text          0x0000000000000000        0x0 c:/st/stm32cubeide_1.12.1/stm32cubeide/plugins/com.st.stm32cube.ide.mcu.externaltools.gnu-tools-for-stm32.10.3-2021.10.win32_1.0.200.202301161003/tools/bin/../lib/gcc/arm-none-eabi/10.3.1/../../../../arm-none-eabi/lib/thumb/v7e-m+fp/hard\libc_nano.a(lib_a-impure.o)
 .data          0x0000000000000000        0x0 c:/st/stm32cubeide_1.12.1/stm32cubeide/plugins/com.st.stm32cube.ide.mcu.externaltools.gnu-tools-for-stm32.10.3-2021.10.win32_1.0.200.202301161003/tools/bin/../lib/gcc/arm-none-eabi/10.3.1/../../../../arm-none-eabi/lib/thumb/v7e-m+fp/hard\libc_nano.a(lib_a-impure.o)
 .bss           0x0000000000000000        0x0 c:/st/stm32cubeide_1.12.1/stm32cubeide/plugins/com.st.stm32cube.ide.mcu.externaltools.gnu-tools-for-stm32.10.3-2021.10.win32_1.0.200.202301161003/tools/bin/../lib/gcc/arm-none-eabi/10.3.1/../../../../arm-none-eabi/lib/thumb/v7e-m+fp/hard\libc_nano.a(lib_a-impure.o)
 .data._impure_ptr
                0x0000000000000000        0x4 c:/st/stm32cubeide_1.12.1/stm32cubeide/plugins/com.st.stm32cube.ide.mcu.externaltools.gnu-tools-for-stm32.10.3-2021.10.win32_1.0.200.202301161003/tools/bin/../lib/gcc/arm-none-eabi/10.3.1/../../../../arm-none-eabi/lib/thumb/v7e-m+fp/hard\libc_nano.a(lib_a-impure.o)
 .data.impure_data
                0x0000000000000000       0x60 c:/st/stm32cubeide_1.12.1/stm32cubeide/plugins/com.st.stm32cube.ide.mcu.externaltools.gnu-tools-for-stm32.10.3-2021.10.win32_1.0.200.202301161003/tools/bin/../lib/gcc/arm-none-eabi/10.3.1/../../../../arm-none-eabi/lib/thumb/v7e-m+fp/hard\libc_nano.a(lib_a-impure.o)
 .rodata._global_impure_ptr
                0x0000000000000000        0x4 c:/st/stm32cubeide_1.12.1/stm32cubeide/plugins/com.st.stm32cube.ide.mcu.externaltools.gnu-tools-for-stm32.10.3-2021.10.win32_1.0.200.202301161003/tools/bin/../lib/gcc/arm-none-eabi/10.3.1/../../../../arm-none-eabi/lib/thumb/v7e-m+fp/hard\libc_nano.a(lib_a-impure.o)
 .ARM.attributes
                0x0000000000000000       0x34 c:/st/stm32cubeide_1.12.1/stm32cubeide/plugins/com.st.stm32cube.ide.mcu.externaltools.gnu-tools-for-stm32.10.3-2021.10.win32_1.0.200.202301161003/tools/bin/../lib/gcc/arm-none-eabi/10.3.1/../../../../arm-none-eabi/lib/thumb/v7e-m+fp/hard\libc_nano.a(lib_a-impure.o)
 .text          0x0000000000000000        0x0 c:/st/stm32cubeide_1.12.1/stm32cubeide/plugins/com.st.stm32cube.ide.mcu.externaltools.gnu-tools-for-stm32.10.3-2021.10.win32_1.0.200.202301161003/tools/bin/../lib/gcc/arm-none-eabi/10.3.1/../../../../arm-none-eabi/lib/thumb/v7e-m+fp/hard\libc_nano.a(lib_a-init.o)
 .data          0x0000000000000000        0x0 c:/st/stm32cubeide_1.12.1/stm32cubeide/plugins/com.st.stm32cube.ide.mcu.externaltools.gnu-tools-for-stm32.10.3-2021.10.win32_1.0.200.202301161003/tools/bin/../lib/gcc/arm-none-eabi/10.3.1/../../../../arm-none-eabi/lib/thumb/v7e-m+fp/hard\libc_nano.a(lib_a-init.o)
 .bss           0x0000000000000000        0x0 c:/st/stm32cubeide_1.12.1/stm32cubeide/plugins/com.st.stm32cube.ide.mcu.externaltools.gnu-tools-for-stm32.10.3-2021.10.win32_1.0.200.202301161003/tools/bin/../lib/gcc/arm-none-eabi/10.3.1/../../../../arm-none-eabi/lib/thumb/v7e-m+fp/hard\libc_nano.a(lib_a-init.o)
 .text          0x0000000000000000        0x0 c:/st/stm32cubeide_1.12.1/stm32cubeide/plugins/com.st.stm32cube.ide.mcu.externaltools.gnu-tools-for-stm32.10.3-2021.10.win32_1.0.200.202301161003/tools/bin/../lib/gcc/arm-none-eabi/10.3.1/../../../../arm-none-eabi/lib/thumb/v7e-m+fp/hard\libc_nano.a(lib_a-memset.o)
 .data          0x0000000000000000        0x0 c:/st/stm32cubeide_1.12.1/stm32cubeide/plugins/com.st.stm32cube.ide.mcu.externaltools.gnu-tools-for-stm32.10.3-2021.10.win32_1.0.200.202301161003/tools/bin/../lib/gcc/arm-none-eabi/10.3.1/../../../../arm-none-eabi/lib/thumb/v7e-m+fp/hard\libc_nano.a(lib_a-memset.o)
 .bss           0x0000000000000000        0x0 c:/st/stm32cubeide_1.12.1/stm32cubeide/plugins/com.st.stm32cube.ide.mcu.externaltools.gnu-tools-for-stm32.10.3-2021.10.win32_1.0.200.202301161003/tools/bin/../lib/gcc/arm-none-eabi/10.3.1/../../../../arm-none-eabi/lib/thumb/v7e-m+fp/hard\libc_nano.a(lib_a-memset.o)
 .text.memset   0x0000000000000000       0x10 c:/st/stm32cubeide_1.12.1/stm32cubeide/plugins/com.st.stm32cube.ide.mcu.externaltools.gnu-tools-for-stm32.10.3-2021.10.win32_1.0.200.202301161003/tools/bin/../lib/gcc/arm-none-eabi/10.3.1/../../../../arm-none-eabi/lib/thumb/v7e-m+fp/hard\libc_nano.a(lib_a-memset.o)
 .debug_frame   0x0000000000000000       0x20 c:/st/stm32cubeide_1.12.1/stm32cubeide/plugins/com.st.stm32cube.ide.mcu.externaltools.gnu-tools-for-stm32.10.3-2021.10.win32_1.0.200.202301161003/tools/bin/../lib/gcc/arm-none-eabi/10.3.1/../../../../arm-none-eabi/lib/thumb/v7e-m+fp/hard\libc_nano.a(lib_a-memset.o)
 .ARM.attributes
                0x0000000000000000       0x34 c:/st/stm32cubeide_1.12.1/stm32cubeide/plugins/com.st.stm32cube.ide.mcu.externaltools.gnu-tools-for-stm32.10.3-2021.10.win32_1.0.200.202301161003/tools/bin/../lib/gcc/arm-none-eabi/10.3.1/../../../../arm-none-eabi/lib/thumb/v7e-m+fp/hard\libc_nano.a(lib_a-memset.o)
 .text          0x0000000000000000        0x0 c:/st/stm32cubeide_1.12.1/stm32cubeide/plugins/com.st.stm32cube.ide.mcu.externaltools.gnu-tools-for-stm32.10.3-2021.10.win32_1.0.200.202301161003/tools/bin/../lib/gcc/arm-none-eabi/10.3.1/thumb/v7e-m+fp/hard/crtend.o
 .data          0x0000000000000000        0x0 c:/st/stm32cubeide_1.12.1/stm32cubeide/plugins/com.st.stm32cube.ide.mcu.externaltools.gnu-tools-for-stm32.10.3-2021.10.win32_1.0.200.202301161003/tools/bin/../lib/gcc/arm-none-eabi/10.3.1/thumb/v7e-m+fp/hard/crtend.o
 .bss           0x0000000000000000        0x0 c:/st/stm32cubeide_1.12.1/stm32cubeide/plugins/com.st.stm32cube.ide.mcu.externaltools.gnu-tools-for-stm32.10.3-2021.10.win32_1.0.200.202301161003/tools/bin/../lib/gcc/arm-none-eabi/10.3.1/thumb/v7e-m+fp/hard/crtend.o
 .rodata        0x0000000000000000       0x24 c:/st/stm32cubeide_1.12.1/stm32cubeide/plugins/com.st.stm32cube.ide.mcu.externaltools.gnu-tools-for-stm32.10.3-2021.10.win32_1.0.200.202301161003/tools/bin/../lib/gcc/arm-none-eabi/10.3.1/thumb/v7e-m+fp/hard/crtend.o
 .eh_frame      0x0000000000000000        0x4 c:/st/stm32cubeide_1.12.1/stm32cubeide/plugins/com.st.stm32cube.ide.mcu.externaltools.gnu-tools-for-stm32.10.3-2021.10.win32_1.0.200.202301161003/tools/bin/../lib/gcc/arm-none-eabi/10.3.1/thumb/v7e-m+fp/hard/crtend.o
 .ARM.attributes
                0x0000000000000000       0x34 c:/st/stm32cubeide_1.12.1/stm32cubeide/plugins/com.st.stm32cube.ide.mcu.externaltools.gnu-tools-for-stm32.10.3-2021.10.win32_1.0.200.202301161003/tools/bin/../lib/gcc/arm-none-eabi/10.3.1/thumb/v7e-m+fp/hard/crtend.o
 .text          0x0000000000000000        0x0 c:/st/stm32cubeide_1.12.1/stm32cubeide/plugins/com.st.stm32cube.ide.mcu.externaltools.gnu-tools-for-stm32.10.3-2021.10.win32_1.0.200.202301161003/tools/bin/../lib/gcc/arm-none-eabi/10.3.1/thumb/v7e-m+fp/hard/crtn.o
 .data          0x0000000000000000        0x0 c:/st/stm32cubeide_1.12.1/stm32cubeide/plugins/com.st.stm32cube.ide.mcu.externaltools.gnu-tools-for-stm32.10.3-2021.10.win32_1.0.200.202301161003/tools/bin/../lib/gcc/arm-none-eabi/10.3.1/thumb/v7e-m+fp/hard/crtn.o
 .bss           0x0000000000000000        0x0 c:/st/stm32cubeide_1.12.1/stm32cubeide/plugins/com.st.stm32cube.ide.mcu.externaltools.gnu-tools-for-stm32.10.3-2021.10.win32_1.0.200.202301161003/tools/bin/../lib/gcc/arm-none-eabi/10.3.1/thumb/v7e-m+fp/hard/crtn.o

Memory Configuration

Name             Origin             Length             Attributes
CCMRAM           0x0000000010000000 0x0000000000002000 xrw
RAM              0x0000000020000000 0x000000000000a000 xrw
FLASH            0x0000000008000000 0x0000000000040000 xr
*default*        0x0000000000000000 0xffffffffffffffff

Linker script and memory map

LOAD c:/st/stm32cubeide_1.12.1/stm32cubeide/plugins/com.st.stm32cube.ide.mcu.externaltools.gnu-tools-for-stm32.10.3-2021.10.win32_1.0.200.202301161003/tools/bin/../lib/gcc/arm-none-eabi/10.3.1/thumb/v7e-m+fp/hard/crti.o
LOAD c:/st/stm32cubeide_1.12.1/stm32cubeide/plugins/com.st.stm32cube.ide.mcu.externaltools.gnu-tools-for-stm32.10.3-2021.10.win32_1.0.200.202301161003/tools/bin/../lib/gcc/arm-none-eabi/10.3.1/thumb/v7e-m+fp/hard/crtbegin.o
LOAD c:/st/stm32cubeide_1.12.1/stm32cubeide/plugins/com.st.stm32cube.ide.mcu.externaltools.gnu-tools-for-stm32.10.3-2021.10.win32_1.0.200.202301161003/tools/bin/../lib/gcc/arm-none-eabi/10.3.1/../../../../arm-none-eabi/lib/thumb/v7e-m+fp/hard/crt0.o
LOAD ./Src/ADC.o
LOAD ./Src/CommonFunction.o
LOAD ./Src/DMA.o
LOAD ./Src/GPIO.o
LOAD ./Src/L3GD20.o
LOAD ./Src/SPI.o
LOAD ./Src/Timer1.o
LOAD ./Src/main.o
LOAD ./Src/syscalls.o
LOAD ./Src/sysmem.o
LOAD ./Startup/startup_stm32f303vctx.o
START GROUP
LOAD c:/st/stm32cubeide_1.12.1/stm32cubeide/plugins/com.st.stm32cube.ide.mcu.externaltools.gnu-tools-for-stm32.10.3-2021.10.win32_1.0.200.202301161003/tools/bin/../lib/gcc/arm-none-eabi/10.3.1/../../../../arm-none-eabi/lib/thumb/v7e-m+fp/hard\libc_nano.a
LOAD c:/st/stm32cubeide_1.12.1/stm32cubeide/plugins/com.st.stm32cube.ide.mcu.externaltools.gnu-tools-for-stm32.10.3-2021.10.win32_1.0.200.202301161003/tools/bin/../lib/gcc/arm-none-eabi/10.3.1/../../../../arm-none-eabi/lib/thumb/v7e-m+fp/hard\libm.a
END GROUP
START GROUP
LOAD c:/st/stm32cubeide_1.12.1/stm32cubeide/plugins/com.st.stm32cube.ide.mcu.externaltools.gnu-tools-for-stm32.10.3-2021.10.win32_1.0.200.202301161003/tools/bin/../lib/gcc/arm-none-eabi/10.3.1/thumb/v7e-m+fp/hard\libgcc.a
LOAD c:/st/stm32cubeide_1.12.1/stm32cubeide/plugins/com.st.stm32cube.ide.mcu.externaltools.gnu-tools-for-stm32.10.3-2021.10.win32_1.0.200.202301161003/tools/bin/../lib/gcc/arm-none-eabi/10.3.1/../../../../arm-none-eabi/lib/thumb/v7e-m+fp/hard\libc_nano.a
END GROUP
START GROUP
LOAD c:/st/stm32cubeide_1.12.1/stm32cubeide/plugins/com.st.stm32cube.ide.mcu.externaltools.gnu-tools-for-stm32.10.3-2021.10.win32_1.0.200.202301161003/tools/bin/../lib/gcc/arm-none-eabi/10.3.1/thumb/v7e-m+fp/hard\libgcc.a
LOAD c:/st/stm32cubeide_1.12.1/stm32cubeide/plugins/com.st.stm32cube.ide.mcu.externaltools.gnu-tools-for-stm32.10.3-2021.10.win32_1.0.200.202301161003/tools/bin/../lib/gcc/arm-none-eabi/10.3.1/../../../../arm-none-eabi/lib/thumb/v7e-m+fp/hard\libc_nano.a
LOAD c:/st/stm32cubeide_1.12.1/stm32cubeide/plugins/com.st.stm32cube.ide.mcu.externaltools.gnu-tools-for-stm32.10.3-2021.10.win32_1.0.200.202301161003/tools/bin/../lib/gcc/arm-none-eabi/10.3.1/../../../../arm-none-eabi/lib/thumb/v7e-m+fp/hard\libnosys.a
END GROUP
START GROUP
LOAD c:/st/stm32cubeide_1.12.1/stm32cubeide/plugins/com.st.stm32cube.ide.mcu.externaltools.gnu-tools-for-stm32.10.3-2021.10.win32_1.0.200.202301161003/tools/bin/../lib/gcc/arm-none-eabi/10.3.1/thumb/v7e-m+fp/hard\libgcc.a
LOAD c:/st/stm32cubeide_1.12.1/stm32cubeide/plugins/com.st.stm32cube.ide.mcu.externaltools.gnu-tools-for-stm32.10.3-2021.10.win32_1.0.200.202301161003/tools/bin/../lib/gcc/arm-none-eabi/10.3.1/../../../../arm-none-eabi/lib/thumb/v7e-m+fp/hard\libc_nano.a
LOAD c:/st/stm32cubeide_1.12.1/stm32cubeide/plugins/com.st.stm32cube.ide.mcu.externaltools.gnu-tools-for-stm32.10.3-2021.10.win32_1.0.200.202301161003/tools/bin/../lib/gcc/arm-none-eabi/10.3.1/../../../../arm-none-eabi/lib/thumb/v7e-m+fp/hard\libnosys.a
END GROUP
LOAD c:/st/stm32cubeide_1.12.1/stm32cubeide/plugins/com.st.stm32cube.ide.mcu.externaltools.gnu-tools-for-stm32.10.3-2021.10.win32_1.0.200.202301161003/tools/bin/../lib/gcc/arm-none-eabi/10.3.1/thumb/v7e-m+fp/hard/crtend.o
LOAD c:/st/stm32cubeide_1.12.1/stm32cubeide/plugins/com.st.stm32cube.ide.mcu.externaltools.gnu-tools-for-stm32.10.3-2021.10.win32_1.0.200.202301161003/tools/bin/../lib/gcc/arm-none-eabi/10.3.1/thumb/v7e-m+fp/hard/crtn.o
                0x000000002000a000                _estack = (ORIGIN (RAM) + LENGTH (RAM))
                0x0000000000000200                _Min_Heap_Size = 0x200
                0x0000000000000400                _Min_Stack_Size = 0x400

.isr_vector     0x0000000008000000      0x194
                0x0000000008000000                . = ALIGN (0x4)
 *(.isr_vector)
 .isr_vector    0x0000000008000000      0x194 ./Startup/startup_stm32f303vctx.o
                0x0000000008000000                g_pfnVectors
                0x0000000008000194                . = ALIGN (0x4)

.text           0x0000000008000194      0x4e0
                0x0000000008000194                . = ALIGN (0x4)
 *(.text)
 .text          0x0000000008000194       0x40 c:/st/stm32cubeide_1.12.1/stm32cubeide/plugins/com.st.stm32cube.ide.mcu.externaltools.gnu-tools-for-stm32.10.3-2021.10.win32_1.0.200.202301161003/tools/bin/../lib/gcc/arm-none-eabi/10.3.1/thumb/v7e-m+fp/hard/crtbegin.o
 *(.text*)
 .text.adc_config
                0x00000000080001d4       0xac ./Src/ADC.o
                0x00000000080001d4                adc_config
 .text.SysTick_Handler
                0x0000000008000280       0x24 ./Src/CommonFunction.o
                0x0000000008000280                SysTick_Handler
 .text.delay_ms
                0x00000000080002a4       0x2c ./Src/CommonFunction.o
                0x00000000080002a4                delay_ms
 .text.DMA_config
                0x00000000080002d0       0x74 ./Src/DMA.o
                0x00000000080002d0                DMA_config
 .text.gpio_config
                0x0000000008000344       0x64 ./Src/GPIO.o
                0x0000000008000344                gpio_config
 .text.Config_GpioForSPI
                0x00000000080003a8       0x88 ./Src/GPIO.o
                0x00000000080003a8                Config_GpioForSPI
 .text.timer1_config
                0x0000000008000430       0x98 ./Src/Timer1.o
                0x0000000008000430                timer1_config
 .text.__NVIC_SetPriority
                0x00000000080004c8       0x54 ./Src/main.o
 .text.SysTick_Config
                0x000000000800051c       0x44 ./Src/main.o
 .text.main     0x0000000008000560       0x60 ./Src/main.o
                0x0000000008000560                main
 .text.Reset_Handler
                0x00000000080005c0       0x50 ./Startup/startup_stm32f303vctx.o
                0x00000000080005c0                Reset_Handler
 .text.Default_Handler
                0x0000000008000610        0x2 ./Startup/startup_stm32f303vctx.o
                0x0000000008000610                TIM8_TRG_COM_IRQHandler
                0x0000000008000610                TIM8_CC_IRQHandler
                0x0000000008000610                DebugMon_Handler
                0x0000000008000610                DMA1_CH4_IRQHandler
                0x0000000008000610                SPI4_IRQHandler
                0x0000000008000610                TIM1_CC_IRQHandler
                0x0000000008000610                HardFault_Handler
                0x0000000008000610                USB_HP_IRQHandler
                0x0000000008000610                I2C2_EV_EXTI24_IRQHandler
                0x0000000008000610                USB_WKUP_EXTI_IRQHandler
                0x0000000008000610                PVD_IRQHandler
                0x0000000008000610                UART4_EXTI34_IRQHandler
                0x0000000008000610                TAMP_STAMP_IRQHandler
                0x0000000008000610                PendSV_Handler
                0x0000000008000610                NMI_Handler
                0x0000000008000610                EXTI3_IRQHandler
                0x0000000008000610                I2C3_ER_IRQHandler
                0x0000000008000610                TIM6_DACUNDER_IRQHandler
                0x0000000008000610                USB_HP_CAN_TX_IRQHandler
                0x0000000008000610                EXTI0_IRQHandler
                0x0000000008000610                DMA2_CH1_IRQHandler
                0x0000000008000610                FPU_IRQHandler
                0x0000000008000610                TIM1_UP_TIM16_IRQHandler
                0x0000000008000610                UsageFault_Handler
                0x0000000008000610                ADC1_2_IRQHandler
                0x0000000008000610                SPI1_IRQHandler
                0x0000000008000610                CAN_SCE_IRQHandler
                0x0000000008000610                DMA1_CH7_IRQHandler
                0x0000000008000610                TIM8_UP_IRQHandler
                0x0000000008000610                COMP456_IRQHandler
                0x0000000008000610                DMA1_CH6_IRQHandler
                0x0000000008000610                TIM20_TRG_COM_IRQHandler
                0x0000000008000610                ADC3_IRQHandler
                0x0000000008000610                TIM4_IRQHandler
                0x0000000008000610                CAN_RX1_IRQHandler
                0x0000000008000610                USART1_EXTI25_IRQHandler
                0x0000000008000610                DMA2_CH5_IRQHandler
                0x0000000008000610                I2C1_EV_EXTI23_IRQHandler
                0x0000000008000610                DMA1_CH3_IRQHandler
                0x0000000008000610                TIM3_IRQHandler
                0x0000000008000610                RCC_IRQHandler
                0x0000000008000610                TIM20_UP_IRQHandler
                0x0000000008000610                Default_Handler
                0x0000000008000610                EXTI15_10_IRQHandler
                0x0000000008000610                USART2_EXTI26_IRQHandler
                0x0000000008000610                USART3_EXTI28_IRQHandler
                0x0000000008000610                TIM7_IRQHandler
                0x0000000008000610                I2C3_EV_IRQHandler
                0x0000000008000610                EXTI9_5_IRQHandler
                0x0000000008000610                DMA1_CH2_IRQHandler
                0x0000000008000610                RTC_WKUP_IRQHandler
                0x0000000008000610                SPI2_IRQHandler
                0x0000000008000610                DMA1_CH1_IRQHandler
                0x0000000008000610                USB_LP_CAN_RX0_IRQHandler
                0x0000000008000610                MemManage_Handler
                0x0000000008000610                COMP123_IRQHandler
                0x0000000008000610                SVC_Handler
                0x0000000008000610                USB_LP_IRQHandler
                0x0000000008000610                EXTI4_IRQHandler
                0x0000000008000610                TIM1_TRG_COM_TIM17_IRQHandler
                0x0000000008000610                ADC4_IRQHandler
                0x0000000008000610                WWDG_IRQHandler
                0x0000000008000610                TIM2_IRQHandler
                0x0000000008000610                COMP7_IRQHandler
                0x0000000008000610                EXTI1_IRQHandler
                0x0000000008000610                RTCAlarm_IRQHandler
                0x0000000008000610                UART5_EXTI35_IRQHandler
                0x0000000008000610                TIM20_BRK_IRQHandler
                0x0000000008000610                I2C2_ER_IRQHandler
                0x0000000008000610                TIM8_BRK_IRQHandler
                0x0000000008000610                FLASH_IRQHandler
                0x0000000008000610                TIM20_CC_IRQHandler
                0x0000000008000610                BusFault_Handler
                0x0000000008000610                SPI3_IRQHandler
                0x0000000008000610                DMA2_CH3_IRQHandler
                0x0000000008000610                DMA2_CH2_IRQHandler
                0x0000000008000610                I2C1_ER_IRQHandler
                0x0000000008000610                FMC_IRQHandler
                0x0000000008000610                DMA1_CH5_IRQHandler
                0x0000000008000610                DMA2_CH4_IRQHandler
                0x0000000008000610                USB_WKUP_IRQHandler
                0x0000000008000610                EXTI2_TSC_IRQHandler
                0x0000000008000610                TIM1_BRK_TIM15_IRQHandler
 *fill*         0x0000000008000612        0x2 
 .text.__libc_init_array
                0x0000000008000614       0x48 c:/st/stm32cubeide_1.12.1/stm32cubeide/plugins/com.st.stm32cube.ide.mcu.externaltools.gnu-tools-for-stm32.10.3-2021.10.win32_1.0.200.202301161003/tools/bin/../lib/gcc/arm-none-eabi/10.3.1/../../../../arm-none-eabi/lib/thumb/v7e-m+fp/hard\libc_nano.a(lib_a-init.o)
                0x0000000008000614                __libc_init_array
 *(.glue_7)
 .glue_7        0x000000000800065c        0x0 linker stubs
 *(.glue_7t)
 .glue_7t       0x000000000800065c        0x0 linker stubs
 *(.eh_frame)
 .eh_frame      0x000000000800065c        0x0 c:/st/stm32cubeide_1.12.1/stm32cubeide/plugins/com.st.stm32cube.ide.mcu.externaltools.gnu-tools-for-stm32.10.3-2021.10.win32_1.0.200.202301161003/tools/bin/../lib/gcc/arm-none-eabi/10.3.1/thumb/v7e-m+fp/hard/crtbegin.o
 *(.init)
 .init          0x000000000800065c        0x4 c:/st/stm32cubeide_1.12.1/stm32cubeide/plugins/com.st.stm32cube.ide.mcu.externaltools.gnu-tools-for-stm32.10.3-2021.10.win32_1.0.200.202301161003/tools/bin/../lib/gcc/arm-none-eabi/10.3.1/thumb/v7e-m+fp/hard/crti.o
                0x000000000800065c                _init
 .init          0x0000000008000660        0x8 c:/st/stm32cubeide_1.12.1/stm32cubeide/plugins/com.st.stm32cube.ide.mcu.externaltools.gnu-tools-for-stm32.10.3-2021.10.win32_1.0.200.202301161003/tools/bin/../lib/gcc/arm-none-eabi/10.3.1/thumb/v7e-m+fp/hard/crtn.o
 *(.fini)
 .fini          0x0000000008000668        0x4 c:/st/stm32cubeide_1.12.1/stm32cubeide/plugins/com.st.stm32cube.ide.mcu.externaltools.gnu-tools-for-stm32.10.3-2021.10.win32_1.0.200.202301161003/tools/bin/../lib/gcc/arm-none-eabi/10.3.1/thumb/v7e-m+fp/hard/crti.o
                0x0000000008000668                _fini
 .fini          0x000000000800066c        0x8 c:/st/stm32cubeide_1.12.1/stm32cubeide/plugins/com.st.stm32cube.ide.mcu.externaltools.gnu-tools-for-stm32.10.3-2021.10.win32_1.0.200.202301161003/tools/bin/../lib/gcc/arm-none-eabi/10.3.1/thumb/v7e-m+fp/hard/crtn.o
                0x0000000008000674                . = ALIGN (0x4)
                0x0000000008000674                _etext = .

.vfp11_veneer   0x0000000008000674        0x0
 .vfp11_veneer  0x0000000008000674        0x0 linker stubs

.v4_bx          0x0000000008000674        0x0
 .v4_bx         0x0000000008000674        0x0 linker stubs

.iplt           0x0000000008000674        0x0
 .iplt          0x0000000008000674        0x0 c:/st/stm32cubeide_1.12.1/stm32cubeide/plugins/com.st.stm32cube.ide.mcu.externaltools.gnu-tools-for-stm32.10.3-2021.10.win32_1.0.200.202301161003/tools/bin/../lib/gcc/arm-none-eabi/10.3.1/thumb/v7e-m+fp/hard/crtbegin.o

.rel.dyn        0x0000000008000674        0x0
 .rel.iplt      0x0000000008000674        0x0 c:/st/stm32cubeide_1.12.1/stm32cubeide/plugins/com.st.stm32cube.ide.mcu.externaltools.gnu-tools-for-stm32.10.3-2021.10.win32_1.0.200.202301161003/tools/bin/../lib/gcc/arm-none-eabi/10.3.1/thumb/v7e-m+fp/hard/crtbegin.o

.rodata         0x0000000008000674        0x0
                0x0000000008000674                . = ALIGN (0x4)
 *(.rodata)
 *(.rodata*)
                0x0000000008000674                . = ALIGN (0x4)

.ARM.extab      0x0000000008000674        0x0
                0x0000000008000674                . = ALIGN (0x4)
 *(.ARM.extab* .gnu.linkonce.armextab.*)
                0x0000000008000674                . = ALIGN (0x4)

.ARM            0x0000000008000674        0x0
                0x0000000008000674                . = ALIGN (0x4)
                0x0000000008000674                __exidx_start = .
 *(.ARM.exidx*)
                0x0000000008000674                __exidx_end = .
                0x0000000008000674                . = ALIGN (0x4)

.preinit_array  0x0000000008000674        0x0
                0x0000000008000674                . = ALIGN (0x4)
                0x0000000008000674                PROVIDE (__preinit_array_start = .)
 *(.preinit_array*)
                0x0000000008000674                PROVIDE (__preinit_array_end = .)
                0x0000000008000674                . = ALIGN (0x4)

.init_array     0x0000000008000674        0x4
                0x0000000008000674                . = ALIGN (0x4)
                0x0000000008000674                PROVIDE (__init_array_start = .)
 *(SORT_BY_NAME(.init_array.*))
 *(.init_array*)
 .init_array    0x0000000008000674        0x4 c:/st/stm32cubeide_1.12.1/stm32cubeide/plugins/com.st.stm32cube.ide.mcu.externaltools.gnu-tools-for-stm32.10.3-2021.10.win32_1.0.200.202301161003/tools/bin/../lib/gcc/arm-none-eabi/10.3.1/thumb/v7e-m+fp/hard/crtbegin.o
                0x0000000008000678                PROVIDE (__init_array_end = .)
                0x0000000008000678                . = ALIGN (0x4)

.fini_array     0x0000000008000678        0x4
                0x0000000008000678                . = ALIGN (0x4)
                [!provide]                        PROVIDE (__fini_array_start = .)
 *(SORT_BY_NAME(.fini_array.*))
 *(.fini_array*)
 .fini_array    0x0000000008000678        0x4 c:/st/stm32cubeide_1.12.1/stm32cubeide/plugins/com.st.stm32cube.ide.mcu.externaltools.gnu-tools-for-stm32.10.3-2021.10.win32_1.0.200.202301161003/tools/bin/../lib/gcc/arm-none-eabi/10.3.1/thumb/v7e-m+fp/hard/crtbegin.o
                [!provide]                        PROVIDE (__fini_array_end = .)
                0x000000000800067c                . = ALIGN (0x4)
                0x000000000800067c                _sidata = LOADADDR (.data)

.data           0x0000000020000000        0x8 load address 0x000000000800067c
                0x0000000020000000                . = ALIGN (0x4)
                0x0000000020000000                _sdata = .
 *(.data)
 *(.data*)
 .data.arr      0x0000000020000000        0x2 ./Src/main.o
                0x0000000020000000                arr
 *fill*         0x0000000020000002        0x2 
 .data.NbOfConv
                0x0000000020000004        0x4 ./Src/main.o
                0x0000000020000004                NbOfConv
 *(.RamFunc)
 *(.RamFunc*)
                0x0000000020000008                . = ALIGN (0x4)
                0x0000000020000008                _edata = .
                0x0000000008000684                _siccmram = LOADADDR (.ccmram)

.igot.plt       0x0000000020000008        0x0 load address 0x0000000008000684
 .igot.plt      0x0000000020000008        0x0 c:/st/stm32cubeide_1.12.1/stm32cubeide/plugins/com.st.stm32cube.ide.mcu.externaltools.gnu-tools-for-stm32.10.3-2021.10.win32_1.0.200.202301161003/tools/bin/../lib/gcc/arm-none-eabi/10.3.1/thumb/v7e-m+fp/hard/crtbegin.o

.ccmram         0x0000000010000000        0x0 load address 0x0000000008000684
                0x0000000010000000                . = ALIGN (0x4)
                0x0000000010000000                _sccmram = .
 *(.ccmram)
 *(.ccmram*)
                0x0000000010000000                . = ALIGN (0x4)
                0x0000000010000000                _eccmram = .
                0x0000000010000000                . = ALIGN (0x4)

.bss            0x0000000020000008       0x28
                0x0000000020000008                _sbss = .
                0x0000000020000008                __bss_start__ = _sbss
 *(.bss)
 .bss           0x0000000020000008       0x1c c:/st/stm32cubeide_1.12.1/stm32cubeide/plugins/com.st.stm32cube.ide.mcu.externaltools.gnu-tools-for-stm32.10.3-2021.10.win32_1.0.200.202301161003/tools/bin/../lib/gcc/arm-none-eabi/10.3.1/thumb/v7e-m+fp/hard/crtbegin.o
 *(.bss*)
 .bss.msTicks   0x0000000020000024        0x4 ./Src/CommonFunction.o
 .bss.ADC_Data  0x0000000020000028        0x4 ./Src/main.o
                0x0000000020000028                ADC_Data
 .bss.duty      0x000000002000002c        0x1 ./Src/main.o
                0x000000002000002c                duty
 *(COMMON)
                0x0000000020000030                . = ALIGN (0x4)
 *fill*         0x000000002000002d        0x3 
                0x0000000020000030                _ebss = .
                0x0000000020000030                __bss_end__ = _ebss

._user_heap_stack
                0x0000000020000030      0x600
                0x0000000020000030                . = ALIGN (0x8)
                [!provide]                        PROVIDE (end = .)
                0x0000000020000030                PROVIDE (_end = .)
                0x0000000020000230                . = (. + _Min_Heap_Size)
 *fill*         0x0000000020000030      0x200 
                0x0000000020000630                . = (. + _Min_Stack_Size)
 *fill*         0x0000000020000230      0x400 
                0x0000000020000630                . = ALIGN (0x8)

/DISCARD/
 libc.a(*)
 libm.a(*)
 libgcc.a(*)

.ARM.attributes
                0x0000000000000000       0x30
 *(.ARM.attributes)
 .ARM.attributes
                0x0000000000000000       0x1e c:/st/stm32cubeide_1.12.1/stm32cubeide/plugins/com.st.stm32cube.ide.mcu.externaltools.gnu-tools-for-stm32.10.3-2021.10.win32_1.0.200.202301161003/tools/bin/../lib/gcc/arm-none-eabi/10.3.1/thumb/v7e-m+fp/hard/crti.o
 .ARM.attributes
                0x000000000000001e       0x34 c:/st/stm32cubeide_1.12.1/stm32cubeide/plugins/com.st.stm32cube.ide.mcu.externaltools.gnu-tools-for-stm32.10.3-2021.10.win32_1.0.200.202301161003/tools/bin/../lib/gcc/arm-none-eabi/10.3.1/thumb/v7e-m+fp/hard/crtbegin.o
 .ARM.attributes
                0x0000000000000052       0x34 ./Src/ADC.o
 .ARM.attributes
                0x0000000000000086       0x34 ./Src/CommonFunction.o
 .ARM.attributes
                0x00000000000000ba       0x34 ./Src/DMA.o
 .ARM.attributes
                0x00000000000000ee       0x34 ./Src/GPIO.o
 .ARM.attributes
                0x0000000000000122       0x34 ./Src/Timer1.o
 .ARM.attributes
                0x0000000000000156       0x34 ./Src/main.o
 .ARM.attributes
                0x000000000000018a       0x21 ./Startup/startup_stm32f303vctx.o
 .ARM.attributes
                0x00000000000001ab       0x34 c:/st/stm32cubeide_1.12.1/stm32cubeide/plugins/com.st.stm32cube.ide.mcu.externaltools.gnu-tools-for-stm32.10.3-2021.10.win32_1.0.200.202301161003/tools/bin/../lib/gcc/arm-none-eabi/10.3.1/../../../../arm-none-eabi/lib/thumb/v7e-m+fp/hard\libc_nano.a(lib_a-init.o)
 .ARM.attributes
                0x00000000000001df       0x1e c:/st/stm32cubeide_1.12.1/stm32cubeide/plugins/com.st.stm32cube.ide.mcu.externaltools.gnu-tools-for-stm32.10.3-2021.10.win32_1.0.200.202301161003/tools/bin/../lib/gcc/arm-none-eabi/10.3.1/thumb/v7e-m+fp/hard/crtn.o
OUTPUT(Program.elf elf32-littlearm)
LOAD linker stubs
LOAD c:/st/stm32cubeide_1.12.1/stm32cubeide/plugins/com.st.stm32cube.ide.mcu.externaltools.gnu-tools-for-stm32.10.3-2021.10.win32_1.0.200.202301161003/tools/bin/../lib/gcc/arm-none-eabi/10.3.1/../../../../arm-none-eabi/lib/thumb/v7e-m+fp/hard\libc.a
LOAD c:/st/stm32cubeide_1.12.1/stm32cubeide/plugins/com.st.stm32cube.ide.mcu.externaltools.gnu-tools-for-stm32.10.3-2021.10.win32_1.0.200.202301161003/tools/bin/../lib/gcc/arm-none-eabi/10.3.1/../../../../arm-none-eabi/lib/thumb/v7e-m+fp/hard\libm.a
LOAD c:/st/stm32cubeide_1.12.1/stm32cubeide/plugins/com.st.stm32cube.ide.mcu.externaltools.gnu-tools-for-stm32.10.3-2021.10.win32_1.0.200.202301161003/tools/bin/../lib/gcc/arm-none-eabi/10.3.1/thumb/v7e-m+fp/hard\libgcc.a

.debug_info     0x0000000000000000     0x1b2c
 .debug_info    0x0000000000000000      0x3e9 ./Src/ADC.o
 .debug_info    0x00000000000003e9      0x2d7 ./Src/CommonFunction.o
 .debug_info    0x00000000000006c0      0x40d ./Src/DMA.o
 .debug_info    0x0000000000000acd      0x277 ./Src/GPIO.o
 .debug_info    0x0000000000000d44      0x31e ./Src/Timer1.o
 .debug_info    0x0000000000001062      0xaa8 ./Src/main.o
 .debug_info    0x0000000000001b0a       0x22 ./Startup/startup_stm32f303vctx.o

.debug_abbrev   0x0000000000000000      0x63b
 .debug_abbrev  0x0000000000000000       0xfa ./Src/ADC.o
 .debug_abbrev  0x00000000000000fa       0xf2 ./Src/CommonFunction.o
 .debug_abbrev  0x00000000000001ec       0xf1 ./Src/DMA.o
 .debug_abbrev  0x00000000000002dd       0xad ./Src/GPIO.o
 .debug_abbrev  0x000000000000038a       0xc3 ./Src/Timer1.o
 .debug_abbrev  0x000000000000044d      0x1dc ./Src/main.o
 .debug_abbrev  0x0000000000000629       0x12 ./Startup/startup_stm32f303vctx.o

.debug_aranges  0x0000000000000000      0x120
 .debug_aranges
                0x0000000000000000       0x20 ./Src/ADC.o
 .debug_aranges
                0x0000000000000020       0x30 ./Src/CommonFunction.o
 .debug_aranges
                0x0000000000000050       0x20 ./Src/DMA.o
 .debug_aranges
                0x0000000000000070       0x38 ./Src/GPIO.o
 .debug_aranges
                0x00000000000000a8       0x20 ./Src/Timer1.o
 .debug_aranges
                0x00000000000000c8       0x30 ./Src/main.o
 .debug_aranges
                0x00000000000000f8       0x28 ./Startup/startup_stm32f303vctx.o

.debug_ranges   0x0000000000000000       0xb8
 .debug_ranges  0x0000000000000000       0x10 ./Src/ADC.o
 .debug_ranges  0x0000000000000010       0x20 ./Src/CommonFunction.o
 .debug_ranges  0x0000000000000030       0x10 ./Src/DMA.o
 .debug_ranges  0x0000000000000040       0x28 ./Src/GPIO.o
 .debug_ranges  0x0000000000000068       0x10 ./Src/Timer1.o
 .debug_ranges  0x0000000000000078       0x20 ./Src/main.o
 .debug_ranges  0x0000000000000098       0x20 ./Startup/startup_stm32f303vctx.o

.debug_macro    0x0000000000000000    0x1618d
 .debug_macro   0x0000000000000000      0x1e2 ./Src/ADC.o
 .debug_macro   0x00000000000001e2      0xa84 ./Src/ADC.o
 .debug_macro   0x0000000000000c66       0x22 ./Src/ADC.o
 .debug_macro   0x0000000000000c88       0x8e ./Src/ADC.o
 .debug_macro   0x0000000000000d16       0x51 ./Src/ADC.o
 .debug_macro   0x0000000000000d67      0x103 ./Src/ADC.o
 .debug_macro   0x0000000000000e6a       0x6a ./Src/ADC.o
 .debug_macro   0x0000000000000ed4      0x1df ./Src/ADC.o
 .debug_macro   0x00000000000010b3       0x28 ./Src/ADC.o
 .debug_macro   0x00000000000010db       0x28 ./Src/ADC.o
 .debug_macro   0x0000000000001103       0x1c ./Src/ADC.o
 .debug_macro   0x000000000000111f       0x22 ./Src/ADC.o
 .debug_macro   0x0000000000001141       0xd9 ./Src/ADC.o
 .debug_macro   0x000000000000121a     0x102d ./Src/ADC.o
 .debug_macro   0x0000000000002247      0x11f ./Src/ADC.o
 .debug_macro   0x0000000000002366    0x12a3a ./Src/ADC.o
 .debug_macro   0x0000000000014da0       0x6d ./Src/ADC.o
 .debug_macro   0x0000000000014e0d       0x22 ./Src/ADC.o
 .debug_macro   0x0000000000014e2f       0x52 ./Src/ADC.o
 .debug_macro   0x0000000000014e81       0x1e ./Src/ADC.o
 .debug_macro   0x0000000000014e9f       0x3c ./Src/ADC.o
 .debug_macro   0x0000000000014edb       0x34 ./Src/ADC.o
 .debug_macro   0x0000000000014f0f      0x174 ./Src/ADC.o
 .debug_macro   0x0000000000015083       0x16 ./Src/ADC.o
 .debug_macro   0x0000000000015099       0x43 ./Src/ADC.o
 .debug_macro   0x00000000000150dc       0x34 ./Src/ADC.o
 .debug_macro   0x0000000000015110       0x10 ./Src/ADC.o
 .debug_macro   0x0000000000015120       0x58 ./Src/ADC.o
 .debug_macro   0x0000000000015178       0x71 ./Src/ADC.o
 .debug_macro   0x00000000000151e9       0x1c ./Src/ADC.o
 .debug_macro   0x0000000000015205      0x12a ./Src/ADC.o
 .debug_macro   0x000000000001532f      0x341 ./Src/ADC.o
 .debug_macro   0x0000000000015670      0x19b ./Src/ADC.o
 .debug_macro   0x000000000001580b       0x1c ./Src/ADC.o
 .debug_macro   0x0000000000015827      0x1e2 ./Src/CommonFunction.o
 .debug_macro   0x0000000000015a09      0x1e2 ./Src/DMA.o
 .debug_macro   0x0000000000015beb      0x1e2 ./Src/GPIO.o
 .debug_macro   0x0000000000015dcd      0x1e2 ./Src/Timer1.o
 .debug_macro   0x0000000000015faf      0x1de ./Src/main.o

.debug_line     0x0000000000000000     0x265a
 .debug_line    0x0000000000000000      0x636 ./Src/ADC.o
 .debug_line    0x0000000000000636      0x651 ./Src/CommonFunction.o
 .debug_line    0x0000000000000c87      0x623 ./Src/DMA.o
 .debug_line    0x00000000000012aa      0x65f ./Src/GPIO.o
 .debug_line    0x0000000000001909      0x62d ./Src/Timer1.o
 .debug_line    0x0000000000001f36      0x6a0 ./Src/main.o
 .debug_line    0x00000000000025d6       0x84 ./Startup/startup_stm32f303vctx.o

.debug_str      0x0000000000000000    0x76769
 .debug_str     0x0000000000000000    0x7618a ./Src/ADC.o
                                      0x7637c (size before relaxing)
 .debug_str     0x000000000007618a       0x99 ./Src/CommonFunction.o
                                      0x762c6 (size before relaxing)
 .debug_str     0x0000000000076223       0x4e ./Src/DMA.o
                                      0x7639f (size before relaxing)
 .debug_str     0x0000000000076271       0x7c ./Src/GPIO.o
                                      0x762e1 (size before relaxing)
 .debug_str     0x00000000000762ed       0x83 ./Src/Timer1.o
                                      0x762f1 (size before relaxing)
 .debug_str     0x0000000000076370      0x3c8 ./Src/main.o
                                      0x7690f (size before relaxing)
 .debug_str     0x0000000000076738       0x31 ./Startup/startup_stm32f303vctx.o
                                         0x6f (size before relaxing)

.comment        0x0000000000000000       0x50
 .comment       0x0000000000000000       0x50 ./Src/ADC.o
                                         0x51 (size before relaxing)
 .comment       0x0000000000000050       0x51 ./Src/CommonFunction.o
 .comment       0x0000000000000050       0x51 ./Src/DMA.o
 .comment       0x0000000000000050       0x51 ./Src/GPIO.o
 .comment       0x0000000000000050       0x51 ./Src/Timer1.o
 .comment       0x0000000000000050       0x51 ./Src/main.o

.debug_frame    0x0000000000000000      0x238
 .debug_frame   0x0000000000000000       0x2c ./Src/ADC.o
 .debug_frame   0x000000000000002c       0x78 ./Src/CommonFunction.o
 .debug_frame   0x00000000000000a4       0x30 ./Src/DMA.o
 .debug_frame   0x00000000000000d4       0x90 ./Src/GPIO.o
 .debug_frame   0x0000000000000164       0x30 ./Src/Timer1.o
 .debug_frame   0x0000000000000194       0x78 ./Src/main.o
 .debug_frame   0x000000000000020c       0x2c c:/st/stm32cubeide_1.12.1/stm32cubeide/plugins/com.st.stm32cube.ide.mcu.externaltools.gnu-tools-for-stm32.10.3-2021.10.win32_1.0.200.202301161003/tools/bin/../lib/gcc/arm-none-eabi/10.3.1/../../../../arm-none-eabi/lib/thumb/v7e-m+fp/hard\libc_nano.a(lib_a-init.o)
