<html>
<body>
<pre>
<h1>µVision Build Log</h1>
<h2>Tool Versions:</h2>
IDE-Version: µVision V5.38.0.0
Copyright (C) 2022 ARM Ltd and ARM Germany GmbH. All rights reserved.
License Information: K k, D, LIC=----
 
Tool Versions:
Toolchain:       MDK-Lite  Version: 5.38.0.0
Toolchain Path:  C:\Keil\ARM\ARMCLANG\Bin
C Compiler:      ArmClang.exe V6.19
Assembler:       Armasm.exe V6.19
Linker/Locator:  ArmLink.exe V6.19
Library Manager: ArmAr.exe V6.19
Hex Converter:   FromElf.exe V6.19
CPU DLL:         SARMCM3.DLL V5.38.0.0
Dialog DLL:      DCM.DLL V1.17.5.0
Target DLL:      STLink\ST-LINKIII-KEIL_SWO.dll V3.1.0.0
Dialog DLL:      TCM.DLL V1.56.4.0
 
<h2>Project:</h2>
D:\STM32\STM32_CMSIS-Program3\STM32_CMSIS-Program3\debounce.uvprojx
Project File Date:  05/18/2023

<h2>Output:</h2>
*** Using Compiler 'V6.19', folder: 'C:\Keil\ARM\ARMCLANG\Bin'
Build target 'Target 1'
main.c(1): warning: In file included from...
C:/Keil/Keil/STM32F3xx_DFP/2.2.2/Drivers/CMSIS/Device/ST/STM32F3xx/Include\stm32f3xx.h(11): warning: invalid UTF-8 in comment [-Winvalid-utf8]
  *              - To use or not the peripheral<92>s drivers in application code(i.e. 
                                               ^
C:/Keil/Keil/STM32F3xx_DFP/2.2.2/Drivers/CMSIS/Device/ST/STM32F3xx/Include\stm32f3xx.h(12): warning: invalid UTF-8 in comment [-Winvalid-utf8]
  *                code will be based on direct access to peripheral<92>s registers 
                                                                    ^
main.c(37): warning: no previous extern declaration for non-static variable 'ButtonState' [-Wmissing-variable-declarations]
uint8_t ButtonState=0;
        ^
main.c(37): note: declare 'static' if the variable is not intended to be used outside of this translation unit
uint8_t ButtonState=0;
^
main.c(47): warning: no previous extern declaration for non-static variable 'TimeLed' [-Wmissing-variable-declarations]
MeasureTime TimeLed={0,LedBlink3,false};
            ^
main.c(47): note: declare 'static' if the variable is not intended to be used outside of this translation unit
MeasureTime TimeLed={0,LedBlink3,false};
^
main.c(42): warning: padding size of 'MeasureTime' with 3 bytes to alignment boundary [-Wpadded]
typedef struct{
        ^
main.c(55): warning: a function declaration without a prototype is deprecated in all versions of C [-Wstrict-prototypes]
void ButtonConfig();
                 ^
                  void
main.c(56): warning: a function declaration without a prototype is deprecated in all versions of C [-Wstrict-prototypes]
void LedConfig();
              ^
               void
main.c(70): warning: integer constant not in range of enumerated type 'State' [-Wassign-enum]
      ms.ActualState=ButtonClick;
                     ^
main.c(36): note: expanded from macro 'ButtonClick'
#define ButtonClick 40
                    ^
main.c(117): warning: case value not in enumerated type 'State' [-Wswitch]
    case ButtonClick:
         ^
main.c(36): note: expanded from macro 'ButtonClick'
#define ButtonClick 40
                    ^
main.c(96): warning: enumeration value 'ButtonClick' not handled in switch [-Wswitch]
  switch(ms->ActualState) {
         ^~~~~~~~~~~~~~~
main.c(131): warning: a function declaration without a prototype is deprecated in all versions of C [-Wstrict-prototypes]
void ButtonConfig(){
                 ^
                  void
main.c(131): warning: no previous prototype for function 'ButtonConfig' [-Wmissing-prototypes]
void ButtonConfig(){
     ^
main.c(55): note: this declaration is not a prototype; add 'void' to make it a prototype for a zero-parameter function
void ButtonConfig();
     ^
                  void
main.c(138): warning: a function declaration without a prototype is deprecated in all versions of C [-Wstrict-prototypes]
void LedConfig(){
              ^
               void
main.c(138): warning: no previous prototype for function 'LedConfig' [-Wmissing-prototypes]
void LedConfig(){
     ^
main.c(56): note: this declaration is not a prototype; add 'void' to make it a prototype for a zero-parameter function
void LedConfig();
     ^
               void
main.c(147): warning: a function declaration without a prototype is deprecated in all versions of C [-Wstrict-prototypes]
void SysTick_Handler(){
                    ^
                     void
main.c(149): warning: no newline at end of file [-Wnewline-eof]
}
 ^
main.c(147): warning: no previous prototype for function 'SysTick_Handler' [-Wmissing-prototypes]
void SysTick_Handler(){
     ^
main.c(147): note: declare 'static' if the function is not intended to be used outside of this translation unit
void SysTick_Handler(){
^
static 
17 warnings generated.
compiling main.c...
linking...
Program Size: Code=1036 RO-data=424 RW-data=16 ZI-data=1640  
".\Objects\debounce.axf" - 0 Error(s), 17 Warning(s).

<h2>Software Packages used:</h2>

Package Vendor: ARM
                http://www.keil.com/pack/ARM.CMSIS.5.9.0.pack
                ARM.CMSIS.5.9.0
                CMSIS (Common Microcontroller Software Interface Standard)
   * Component: CORE Version: 5.6.0

Package Vendor: Keil
                http://www.keil.com/pack/Keil.STM32F3xx_DFP.2.2.2.pack
                Keil.STM32F3xx_DFP.2.2.2
                STMicroelectronics STM32F3 Series Device Support and Examples
   * Component: Startup Version: 1.11.3

<h2>Collection of Component include folders:</h2>
  ./RTE/_Target_1
  C:/Keil/ARM/CMSIS/5.9.0/CMSIS/Core/Include
  C:/Keil/Keil/STM32F3xx_DFP/2.2.2/Drivers/CMSIS/Device/ST/STM32F3xx/Include

<h2>Collection of Component Files used:</h2>

   * Component: ARM::CMSIS:CORE:5.6.0

   * Component: Keil.Standalone::Device:Startup:1.11.3
      Source file:   MDK/Device/Source/ARM/STM32F3xx_OPT.s
      Include file:  Drivers/CMSIS/Device/ST/STM32F3xx/Include/stm32f3xx.h
      Source file:   Drivers/CMSIS/Device/ST/STM32F3xx/Source/Templates/system_stm32f3xx.c
      Source file:   Drivers/CMSIS/Device/ST/STM32F3xx/Source/Templates/arm/startup_stm32f303xc.s
Build Time Elapsed:  00:00:01
</pre>
</body>
</html>
